            --------------------------------------------------------
                             AMBER SQM VERSION 19
 
                                     By
              Ross C. Walker, Michael F. Crowley, Scott Brozell,
                         Tim Giese, Andreas W. Goetz,
                        Tai-Sung Lee and David A. Case
 
            --------------------------------------------------------
 

--------------------------------------------------------------------------------
  QM CALCULATION INFO
--------------------------------------------------------------------------------

| QMMM: Citation for AMBER QMMM Run:
| QMMM: R.C. Walker, M.F. Crowley and D.A. Case, J. COMP. CHEM. 29:1019, 2008

QMMM: SINGLET STATE CALCULATION
QMMM: RHF CALCULATION, NO. OF DOUBLY OCCUPIED LEVELS = 18

| QMMM: *** Selected Hamiltonian *** 
| QMMM: AM1         

| QMMM: *** Parameter sets in use ***
| QMMM: C : M.J.S.DEWAR et al. JACS, 107, 3902, (1985)
| QMMM: O : M.J.S.DEWAR et al. JACS, 107, 3902, (1985)
| QMMM: N : M.J.S.DEWAR et al. JACS, 107, 3902, (1985)

| QMMM: *** SCF convergence criteria ***
| QMMM: Energy change                :  0.1D-09 kcal/mol
| QMMM: Error matrix |FP-PF|         :  0.1D+00 au
| QMMM: Density matrix change        :  0.5D-06
| QMMM: Maximum number of SCF cycles :     1000

| QMMM: *** Diagonalization Routine Information ***
| QMMM: Pseudo diagonalizations are allowed.
| QMMM: Auto diagonalization routine selection is in use.
| QMMM:
| QMMM: Timing diagonalization routines:
| QMMM:                              norbs =       32
| QMMM:    diag iterations used for timing =       20
| QMMM:
| QMMM:              Internal diag routine = 0.001758 seconds
| QMMM:                 Dspev diag routine = 0.005561 seconds
| QMMM:                Dspevd diag routine = 0.003131 seconds
| QMMM:                Dspevx diag routine = 0.017298 seconds
| QMMM:                 Dsyev diag routine = 0.006095 seconds
| QMMM:                Dsyevd diag routine = 0.005062 seconds
| QMMM:                Dsyevr diag routine = 0.005789 seconds
| QMMM:
| QMMM:                Pseudo diag routine = 0.000537 seconds
| QMMM:
| QMMM: Using internal diagonalization routine (diag_routine=1).

  QMMM: QM Region Cartesian Coordinates (*=link atom) 
  QMMM: QM_NO.   MM_NO.  ATOM         X         Y         Z
  QMMM:     1        1      C      -10.4250    3.4200   72.4470
  QMMM:     2        2      C       -9.9240    2.8570   73.6420
  QMMM:     3        3      C       -9.3450    1.4580   73.8060
  QMMM:     4        4      O      -10.0480    3.7550   74.5750
  QMMM:     5        5      N      -10.5850    4.8610   74.1140
  QMMM:     6        6      C      -10.8480    4.7380   72.8100
  QMMM:     7        7      C      -11.4750    5.7980   71.8910
  QMMM:     8        8      O      -11.0620    5.9430   70.7930

--------------------------------------------------------------------------------
  RESULTS
--------------------------------------------------------------------------------

      iter         sqm energy              rms gradient
      ----    -------------------    -----------------------
xmin    10      423.2158 kcal/mol        0.2011 kcal/(mol*A)
  ... geometry converged !
 
 Final MO eigenvalues (eV):
 -49.0295  -48.6825  -40.4773  -38.7914  -33.4513  -31.2609  -28.0430  -26.0315
 -23.9367  -23.4398  -22.9352  -22.3667  -21.9823  -19.0459  -17.6880  -17.1153
 -16.8587  -15.3186   -7.3097   -6.9475   -6.4050   -6.2596   -4.8888   -4.7118
  -3.7515   -3.7206   -2.6094   -2.1390   -1.6753   -1.2449   -0.9639    0.2212


 Heat of formation   =        423.21485835 kcal/mol  (       18.35197339 eV)

 Total SCF energy    =     -33840.88529159 kcal/mol  (    -1467.45090376 eV)
 Electronic energy   =    -110436.41591588 kcal/mol  (    -4788.88235184 eV)
 Core-core repulsion =      76595.53062429 kcal/mol  (     3321.43144809 eV)
 
    Atomic Charges for Step       1 :
  Atom    Element       Mulliken Charge
     1      C                  0.163
     2      C                 -0.505
     3      C                  0.697
     4      O                  0.060
     5      N                  0.279
     6      C                 -0.362
     7      C                  0.540
     8      O                  0.127
 Total Mulliken Charge =       1.000
 
                  X        Y        Z     TOTAL  
  QM DIPOLE   -50.650   20.740  350.348  354.598
 
 Final Structure

  QMMM: QM Region Cartesian Coordinates (*=link atom) 
  QMMM: QM_NO.   MM_NO.  ATOM         X         Y         Z
  QMMM:     1        1      C      -10.2828    3.2839   72.3430
  QMMM:     2        2      C       -9.9322    2.7697   73.6401
  QMMM:     3        3      C       -9.4737    1.5283   73.9635
  QMMM:     4        4      O      -10.1534    3.8479   74.6401
  QMMM:     5        5      N      -10.5748    4.8802   74.0809
  QMMM:     6        6      C      -10.6916    4.6642   72.7149
  QMMM:     7        7      C      -11.1254    5.5731   71.7681
  QMMM:     8        8      O      -11.4781    6.2827   70.9274

           --------- Calculation Completed ----------

