Device: cuda (NVIDIA H100 80GB HBM3)

============================================================
  Loading data: structural(56) + SpikeBERT(512) = 568d
  + teacher soft logits for distillation
============================================================
  372 samples loaded
  Total residues: 96,533
  in_dim: 568

Cluster-aware split (MMseqs2, 30% identity)...
[cluster_split] sequences collected: 372/372
[cluster_split] loaded cached cluster map (372 targets, 106 clusters)
[cluster_split] train=298 (79 clusters)  val=47 (16 clusters)  test=27 (11 clusters)
  train: 298, val: 47, test: 27

============================================================
  VN-EGNN v004: in=568, hidden=128, layers=4, VNs=16
  Loss: 1.0*KL + 0.05*Chamfer + 0.3*FocalBCE
============================================================
  Parameters: 587,014

============================================================
  Training: 200 epochs, lr=0.0002, patience=20
============================================================
  epoch   1  loss=5678005773.2032  SR@4=0.0% SR@8=4.3% DCC=19.4A
  epoch   2  loss=49964116.8217  SR@4=0.0% SR@8=0.0% DCC=18.1A
  epoch   3  loss=4573378.7359  SR@4=0.0% SR@8=0.0% DCC=24.3A
  epoch   4  loss=554385790.6777  SR@4=0.0% SR@8=0.0% DCC=18.6A
  epoch   5  loss=4617747735.2629  SR@4=0.0% SR@8=0.0% DCC=16.1A
  epoch   6  loss=0.7933
  epoch   7  loss=12.5929
  epoch   8  loss=1.1672
  epoch   9  loss=106719.1123
  epoch  10  loss=0.5228  SR@4=0.0% SR@8=8.5% DCC=15.5A *
  epoch  11  loss=0.5900
  epoch  12  loss=0.6429
  epoch  13  loss=10.2219
  epoch  14  loss=0.8425
  epoch  15  loss=5686.4098  SR@4=2.1% SR@8=14.9% DCC=15.4A *
  epoch  16  loss=2759.1083
  epoch  17  loss=8671.3887
  epoch  18  loss=69781.9588
  epoch  19  loss=146360.4620
  epoch  20  loss=8.4398  SR@4=0.0% SR@8=8.5% DCC=15.5A
  epoch  21  loss=0.6770
  epoch  22  loss=25.3200
  epoch  23  loss=0.3647
  epoch  24  loss=15117.4875
  epoch  25  loss=0.4777  SR@4=0.0% SR@8=12.8% DCC=16.2A
  epoch  26  loss=1.2718
  epoch  27  loss=0.4981
  epoch  28  loss=0.5429
  epoch  29  loss=0.3425
  epoch  30  loss=0.3935  SR@4=2.1% SR@8=14.9% DCC=13.3A
  epoch  31  loss=0.3670
  epoch  32  loss=0.6955
  epoch  33  loss=0.6770
  epoch  34  loss=0.4764
  epoch  35  loss=0.4957  SR@4=0.0% SR@8=6.4% DCC=16.5A
  epoch  36  loss=0.8118
  epoch  37  loss=0.7126
  epoch  38  loss=0.5879
  epoch  39  loss=0.5616
  epoch  40  loss=14.2551  SR@4=0.0% SR@8=2.1% DCC=13.8A
  epoch  41  loss=0.4566
  epoch  42  loss=0.5133
  epoch  43  loss=0.3826
  epoch  44  loss=0.4900
  epoch  45  loss=0.3909  SR@4=0.0% SR@8=10.6% DCC=13.4A
  epoch  46  loss=0.3463
  epoch  47  loss=0.3205
  epoch  48  loss=0.3942
  epoch  49  loss=0.3924
  epoch  50  loss=0.3545  SR@4=0.0% SR@8=12.8% DCC=12.8A
  epoch  51  loss=0.4163
  epoch  52  loss=29.8251
  epoch  53  loss=0.2895
  epoch  54  loss=0.4475
  epoch  55  loss=0.6035  SR@4=0.0% SR@8=12.8% DCC=12.8A
  epoch  56  loss=0.4704
  epoch  57  loss=0.2797
  epoch  58  loss=0.7775
  epoch  59  loss=0.4374
  epoch  60  loss=0.5217  SR@4=0.0% SR@8=4.3% DCC=14.9A
  epoch  61  loss=0.5880
  epoch  62  loss=0.3023
  epoch  63  loss=0.5740
  epoch  64  loss=0.3594
  epoch  65  loss=0.4309  SR@4=8.5% SR@8=40.4% DCC=9.3A *
  epoch  66  loss=0.2610
  epoch  67  loss=0.4229
  epoch  68  loss=0.4543
  epoch  69  loss=0.4292
  epoch  70  loss=0.3123  SR@4=10.6% SR@8=14.9% DCC=15.5A
  epoch  71  loss=0.4479
  epoch  72  loss=0.2688
  epoch  73  loss=0.2488
  epoch  74  loss=0.2440
  epoch  75  loss=0.2429  SR@4=10.6% SR@8=25.5% DCC=10.4A
  epoch  76  loss=0.2469
  epoch  77  loss=0.4175
  epoch  78  loss=0.3528
  epoch  79  loss=0.4202
  epoch  80  loss=0.4795  SR@4=2.1% SR@8=25.5% DCC=11.2A
  epoch  81  loss=0.3955
