PRISM4D-BENCH30: 30 targets
================================================================================

--- Target 1: 1JWP -> 1PZO (CBT) [cryptic] ---
  13 sites, 121s | Top-1: 11.6A | Top-3: 11.6A | Top-5: 11.6A | Top-10: 5.7A | Best: 5.7A (rank 7)
    #1 id=7 q=0.798 DCC=11.6 vol=626
    #2 id=6 q=0.754 DCC=20.9 vol=141
    #3 id=2 q=0.740 DCC=17.7 vol=298
    #4 id=8 q=0.731 DCC=24.2 vol=154
    #5 id=0 q=0.728 DCC=20.1 vol=710

--- Target 2: 2NPQ -> 2ZB1 (GK4) [cryptic] ---
  7 sites, 150s | Top-1: 19.4A | Top-3: 19.4A | Top-5: 17.5A | Top-10: 999.0A | Best: 17.5A (rank 4)
    #1 id=3 q=0.814 DCC=19.4 vol=4721
    #2 id=2 q=0.730 DCC=28.5 vol=341
    #3 id=4 q=0.686 DCC=31.1 vol=152
    #4 id=5 q=0.583 DCC=17.5 vol=155
    #5 id=6 q=0.572 DCC=18.0 vol=827

--- Target 3: 1KV1 -> 1KV2 (B96) [allosteric] ---
  8 sites, 150s | Top-1: 16.7A | Top-3: 12.7A | Top-5: 12.7A | Top-10: 999.0A | Best: 12.7A (rank 2)
    #1 id=6 q=0.805 DCC=16.7 vol=3249
    #2 id=7 q=0.776 DCC=12.7 vol=72
    #3 id=4 q=0.649 DCC=27.0 vol=226
    #4 id=5 q=0.623 DCC=16.3 vol=1456
    #5 id=0 q=0.616 DCC=37.5 vol=315

--- Target 4: 1MY0 -> 1N0T (AT1) [cryptic] ---
  9 sites, 118s | Top-1: 18.9A | Top-3: 10.2A | Top-5: 10.2A | Top-10: 999.0A | Best: 10.2A (rank 2)
    #1 id=7 q=0.773 DCC=18.9 vol=81
    #2 id=5 q=0.731 DCC=10.2 vol=717
    #3 id=8 q=0.718 DCC=16.9 vol=183
    #4 id=2 q=0.708 DCC=12.2 vol=1316
    #5 id=3 q=0.615 DCC=17.5 vol=374

--- Target 5: 4EY4 -> 4EY7 (E20) [orthosteric] ---
  13 sites, 223s | Top-1: 31.9A | Top-3: 17.4A | Top-5: 17.4A | Top-10: 11.3A | Best: 11.3A (rank 7)
    #1 id=5 q=0.775 DCC=31.9 vol=444
    #2 id=6 q=0.763 DCC=31.4 vol=389
    #3 id=0 q=0.763 DCC=17.4 vol=1516
    #4 id=3 q=0.751 DCC=22.3 vol=790
    #5 id=2 q=0.725 DCC=20.9 vol=801

--- Target 6: 2HNP -> 1T49 (892) [allosteric] ---
  12 sites, 124s | Top-1: 34.5A | Top-3: 28.0A | Top-5: 13.8A | Top-10: 2.8A | Best: 2.8A (rank 6)
    #1 id=1 q=0.904 DCC=34.5 vol=122
    #2 id=6 q=0.683 DCC=28.0 vol=1010
    #3 id=4 q=0.676 DCC=32.7 vol=201
    #4 id=0 q=0.675 DCC=37.7 vol=320
    #5 id=10 q=0.653 DCC=13.8 vol=224

--- Target 7: 1M47 -> 1PY2 (FRH) [PPI] ---
  8 sites, 87s | Top-1: 28.5A | Top-3: 4.5A | Top-5: 4.5A | Top-10: 999.0A | Best: 4.5A (rank 3)
    #1 id=2 q=0.823 DCC=28.5 vol=154
    #2 id=0 q=0.754 DCC=21.0 vol=61
    #3 id=6 q=0.746 DCC=4.5 vol=74 **
    #4 id=3 q=0.723 DCC=15.2 vol=98
    #5 id=4 q=0.706 DCC=21.5 vol=54

--- Target 8: 1HCL -> 1JSV (U55) [orthosteric] ---
  12 sites, 149s | Top-1: 15.2A | Top-3: 15.2A | Top-5: 8.8A | Top-10: 8.8A | Best: 8.8A (rank 5)
    #1 id=4 q=0.814 DCC=15.2 vol=130
    #2 id=1 q=0.803 DCC=19.9 vol=1315
    #3 id=6 q=0.752 DCC=28.4 vol=129
    #4 id=3 q=0.721 DCC=19.8 vol=1510
    #5 id=8 q=0.717 DCC=8.8 vol=487

--- Target 9: 1YES -> 1YET (GDM) [orthosteric] ---
  11 sites, 120s | Top-1: 7.6A | Top-3: 7.6A | Top-5: 7.6A | Top-10: 7.6A | Best: 7.6A (rank 1)
    #1 id=4 q=0.777 DCC=7.6 vol=980 *
    #2 id=9 q=0.770 DCC=8.5 vol=86
    #3 id=6 q=0.720 DCC=17.1 vol=92
    #4 id=5 q=0.705 DCC=18.3 vol=195
    #5 id=1 q=0.658 DCC=22.7 vol=700

--- Target 10: 2OSS -> 3MXF (JQ1) [orthosteric] ---
  6 sites, 74s | Top-1: 3.2A | Top-3: 3.2A | Top-5: 3.2A | Top-10: 999.0A | Best: 3.2A (rank 1)
    #1 id=3 q=0.743 DCC=3.2 vol=98 ***
    #2 id=2 q=0.734 DCC=12.8 vol=79
    #3 id=5 q=0.691 DCC=21.1 vol=81
    #4 id=1 q=0.630 DCC=21.1 vol=346
    #5 id=4 q=0.612 DCC=27.7 vol=77

--- Target 11: 1FKG -> 1FKJ (FK5) [orthosteric] ---
  4 sites, 66s | Top-1: 25.7A | Top-3: 8.5A | Top-5: 999.0A | Top-10: 999.0A | Best: 8.5A (rank 2)
    #1 id=3 q=0.727 DCC=25.7 vol=376
    #2 id=2 q=0.672 DCC=8.5 vol=76
    #3 id=1 q=0.666 DCC=16.1 vol=94
    #4 id=0 q=0.600 DCC=8.9 vol=779

--- Target 12: 1HPV -> 1HVR (XK2) [orthosteric] ---
  6 sites, 58s | Top-1: 12.1A | Top-3: 12.1A | Top-5: 9.1A | Top-10: 999.0A | Best: 9.1A (rank 4)
    #1 id=1 q=0.651 DCC=12.1 vol=82
    #2 id=0 q=0.630 DCC=17.4 vol=104
    #3 id=2 q=0.625 DCC=21.2 vol=111
    #4 id=3 q=0.573 DCC=9.1 vol=541
    #5 id=4 q=0.484 DCC=15.7 vol=82

--- Target 13: 3ERT -> 1ERR (RAL) [orthosteric] ---
  10 sites, 116s | Top-1: 20.6A | Top-3: 15.4A | Top-5: 10.9A | Top-10: 10.9A | Best: 10.9A (rank 4)
    #1 id=5 q=0.754 DCC=20.6 vol=220
    #2 id=1 q=0.663 DCC=30.2 vol=170
    #3 id=6 q=0.648 DCC=15.4 vol=206
    #4 id=9 q=0.647 DCC=10.9 vol=51
    #5 id=3 q=0.644 DCC=13.5 vol=181

--- Target 14: 1K3F -> 1K3G (HEC) [orthosteric] ---
  8 sites, 115s | Top-1: 20.7A | Top-3: 9.3A | Top-5: 7.9A | Top-10: 999.0A | Best: 7.9A (rank 4)
    #1 id=3 q=0.773 DCC=20.7 vol=539
    #2 id=7 q=0.770 DCC=9.3 vol=243
    #3 id=5 q=0.723 DCC=14.5 vol=204
    #4 id=6 q=0.695 DCC=7.9 vol=58 *
    #5 id=2 q=0.681 DCC=25.6 vol=1342

--- Target 15: 1P38 -> 3HEC (STI) [cryptic] ---
  11 sites, 155s | Top-1: 24.7A | Top-3: 14.6A | Top-5: 11.1A | Top-10: 11.1A | Best: 11.1A (rank 5)
    #1 id=6 q=0.841 DCC=24.7 vol=171
    #2 id=4 q=0.761 DCC=14.6 vol=989
    #3 id=7 q=0.716 DCC=15.3 vol=102
    #4 id=2 q=0.684 DCC=20.6 vol=99
    #5 id=5 q=0.676 DCC=11.1 vol=927

--- Target 16: 1YVF -> 1YV3 (ADP) [allosteric] ---
  14 sites, 209s | Top-1: 19.0A | Top-3: 14.0A | Top-5: 14.0A | Top-10: 14.0A | Best: 14.0A (rank 3)
    #1 id=10 q=0.820 DCC=19.0 vol=64
    #2 id=11 q=0.770 DCC=26.5 vol=60
    #3 id=1 q=0.751 DCC=14.0 vol=1546
    #4 id=5 q=0.712 DCC=28.1 vol=500
    #5 id=3 q=0.644 DCC=36.3 vol=701

--- Target 17: 1PKL -> 1PKN (PYR) [orthosteric] ---
  7 sites, 206s | Top-1: 22.3A | Top-3: 19.5A | Top-5: 19.5A | Top-10: 999.0A | Best: 19.5A (rank 2)
    #1 id=4 q=0.780 DCC=22.3 vol=73
    #2 id=3 q=0.770 DCC=19.5 vol=2559
    #3 id=6 q=0.662 DCC=28.0 vol=61
    #4 id=2 q=0.552 DCC=35.2 vol=360
    #5 id=0 q=0.540 DCC=28.6 vol=5407

--- Target 18: 1DWD -> 1DWC (MIT) [orthosteric] ---
  9 sites, 119s | Top-1: 19.4A | Top-3: 13.6A | Top-5: 13.6A | Top-10: 999.0A | Best: 12.3A (rank 6)
    #1 id=8 q=0.770 DCC=19.4 vol=56
    #2 id=1 q=0.679 DCC=16.4 vol=192
    #3 id=3 q=0.665 DCC=13.6 vol=401
    #4 id=0 q=0.628 DCC=25.5 vol=1817
    #5 id=6 q=0.624 DCC=19.6 vol=453

--- Target 19: 1TTH -> 1TTI (PGA) [orthosteric] ---
  12 sites, 147s | Top-1: 18.2A | Top-3: 16.2A | Top-5: 3.3A | Top-10: 3.3A | Best: 3.3A (rank 5)
    #1 id=2 q=0.866 DCC=18.2 vol=326
    #2 id=11 q=0.717 DCC=16.6 vol=545
    #3 id=7 q=0.708 DCC=16.2 vol=317
    #4 id=10 q=0.705 DCC=25.4 vol=107
    #5 id=8 q=0.679 DCC=3.3 vol=234 ***

--- Target 20: 2CBA -> 3HS4 (AZM) [orthosteric] ---
  13 sites, 106s | Top-1: 16.1A | Top-3: 4.9A | Top-5: 4.9A | Top-10: 4.9A | Best: 4.9A (rank 2)
    #1 id=5 q=0.832 DCC=16.1 vol=413
    #2 id=9 q=0.816 DCC=4.9 vol=185 **
    #3 id=0 q=0.785 DCC=18.6 vol=854
    #4 id=10 q=0.742 DCC=8.5 vol=90
    #5 id=3 q=0.733 DCC=10.8 vol=209

--- Target 21: 1RDQ -> 1K1J (FD2) [orthosteric] ---
  12 sites, 162s | Top-1: 23.2A | Top-3: 20.9A | Top-5: 20.9A | Top-10: 11.9A | Best: 11.9A (rank 10)
    #1 id=3 q=0.747 DCC=23.2 vol=68
    #2 id=4 q=0.711 DCC=22.2 vol=1311
    #3 id=9 q=0.686 DCC=20.9 vol=441
    #4 id=10 q=0.675 DCC=21.1 vol=119
    #5 id=2 q=0.667 DCC=31.9 vol=64

--- Target 22: 3L3N -> 3L3M (A92) [orthosteric] ---
  20 sites, 235s | Top-1: 27.8A | Top-3: 17.8A | Top-5: 12.9A | Top-10: 12.9A | Best: 12.9A (rank 4)
    #1 id=17 q=0.898 DCC=27.8 vol=186
    #2 id=19 q=0.772 DCC=23.4 vol=242
    #3 id=6 q=0.756 DCC=17.8 vol=1124
    #4 id=3 q=0.742 DCC=12.9 vol=2391
    #5 id=14 q=0.736 DCC=29.0 vol=118

--- Target 23: 1NNA -> 1NNC (ZMR) [orthosteric] ---
  13 sites, 158s | Top-1: 31.2A | Top-3: 7.4A | Top-5: 7.4A | Top-10: 7.4A | Best: 7.4A (rank 2)
    #1 id=4 q=0.766 DCC=31.2 vol=196
    #2 id=8 q=0.734 DCC=7.4 vol=1321 *
    #3 id=11 q=0.724 DCC=13.1 vol=187
    #4 id=0 q=0.722 DCC=28.1 vol=66
    #5 id=3 q=0.700 DCC=32.7 vol=353

--- Target 24: 1TPA -> 1TPP (APA) [orthosteric] ---
  7 sites, 103s | Top-1: 20.0A | Top-3: 10.9A | Top-5: 4.1A | Top-10: 999.0A | Best: 4.1A (rank 5)
    #1 id=5 q=0.799 DCC=20.0 vol=320
    #2 id=2 q=0.730 DCC=19.7 vol=66
    #3 id=6 q=0.718 DCC=10.9 vol=64
    #4 id=4 q=0.697 DCC=17.2 vol=222
    #5 id=3 q=0.679 DCC=4.1 vol=1009 **

--- Target 25: 1ABF -> 1ABE (ARA) [orthosteric] ---
  16 sites, 114s | Top-1: 21.3A | Top-3: 14.5A | Top-5: 13.8A | Top-10: 11.1A | Best: 10.9A (rank 13)
    #1 id=1 q=0.809 DCC=21.3 vol=115
    #2 id=13 q=0.777 DCC=19.7 vol=53
    #3 id=10 q=0.734 DCC=14.5 vol=50
    #4 id=12 q=0.716 DCC=13.8 vol=259
    #5 id=4 q=0.715 DCC=22.9 vol=337

--- Target 26: 4HT0 -> 4HT2 (V50) [orthosteric] ---
  11 sites, 106s | Top-1: 17.5A | Top-3: 17.5A | Top-5: 11.2A | Top-10: 11.2A | Best: 11.2A (rank 5)
    #1 id=5 q=0.754 DCC=17.5 vol=432
    #2 id=4 q=0.738 DCC=19.7 vol=238
    #3 id=0 q=0.687 DCC=21.3 vol=553
    #4 id=10 q=0.664 DCC=15.4 vol=87
    #5 id=6 q=0.664 DCC=11.2 vol=51

--- Target 27: 1C5Y -> 1C5X (FLC) [orthosteric] ---
  14 sites, 109s | Top-1: 30.0A | Top-3: 23.1A | Top-5: 2.5A | Top-10: 2.5A | Best: 2.5A (rank 5)
    #1 id=2 q=0.765 DCC=30.0 vol=63
    #2 id=4 q=0.755 DCC=23.1 vol=109
    #3 id=8 q=0.751 DCC=28.4 vol=112
    #4 id=6 q=0.745 DCC=27.2 vol=148
    #5 id=3 q=0.663 DCC=2.5 vol=945 ***

--- Target 28: 1GKC -> 1GKD (STN) [orthosteric] ---
  12 sites, 84s | Top-1: 17.5A | Top-3: 14.4A | Top-5: 7.0A | Top-10: 3.0A | Best: 3.0A (rank 7)
    #1 id=1 q=0.733 DCC=17.5 vol=53
    #2 id=5 q=0.710 DCC=15.1 vol=220
    #3 id=6 q=0.701 DCC=14.4 vol=197
    #4 id=0 q=0.677 DCC=17.5 vol=81
    #5 id=8 q=0.675 DCC=7.0 vol=50 *

--- Target 29: 3TMN -> 5TMN (0PJ) [orthosteric] ---
  8 sites, 136s | Top-1: 7.3A | Top-3: 7.3A | Top-5: 7.3A | Top-10: 999.0A | Best: 7.3A (rank 1)
    #1 id=5 q=0.838 DCC=7.3 vol=921 *
    #2 id=6 q=0.805 DCC=24.6 vol=237
    #3 id=3 q=0.767 DCC=16.0 vol=1069
    #4 id=0 q=0.731 DCC=23.8 vol=138
    #5 id=7 q=0.678 DCC=23.4 vol=66

--- Target 30: 4DFR -> 3DFR (MTX) [orthosteric] ---
  9 sites, 82s | Top-1: 8.5A | Top-3: 8.5A | Top-5: 8.5A | Top-10: 999.0A | Best: 8.5A (rank 1)
    #1 id=3 q=0.737 DCC=8.5 vol=662
    #2 id=7 q=0.647 DCC=25.4 vol=363
    #3 id=4 q=0.645 DCC=15.2 vol=218
    #4 id=1 q=0.629 DCC=13.8 vol=94
    #5 id=8 q=0.621 DCC=10.8 vol=156

================================================================================
PRISM4D-BENCH30 AGGREGATE RESULTS
================================================================================

Metric                DCC<=4A  DCC<=5A  DCC<=8A  DCC<=10A
------------------------------------------------------------
SR@1                  1/30 ( 3%)  1/30 ( 3%)  3/30 (10%)  4/30 (13%)
SR@3                  1/30 ( 3%)  3/30 (10%)  6/30 (20%)  9/30 (30%)
SR@N+2                1/30 ( 3%)  3/30 (10%)  6/30 (20%)  9/30 (30%)
SR@5                  3/30 (10%)  6/30 (20%)  11/30 (37%)  15/30 (50%)
SR@10                 5/30 (17%)  8/30 (27%)  13/30 (43%)  17/30 (57%)

Mean Top-1 DCC        19.7A
Median Top-1 DCC      19.4A
Mean Best DCC         8.9A
Mean time/target      131s

--- SR@N Curve (DCC <= 5A) ---
N   SR@N   Cumulative targets
 1   1/30 ( 3%)  #
 2   2/30 ( 7%)  ##
 3   3/30 (10%)  ###
 4   3/30 (10%)  ###
 5   6/30 (20%)  ######
 6   7/30 (23%)  #######
 7   8/30 (27%)  ########
 8   8/30 (27%)  ########
 9   8/30 (27%)  ########
10   8/30 (27%)  ########

--- By Pocket Type ---
  orthosteric   N=22  SR@1<=5A: 1/22 ( 5%)  SR@3<=5A: 2/22 ( 9%)  SR@1<=8A: 3/22 (14%)
  cryptic       N= 4  SR@1<=5A: 0/4 ( 0%)  SR@3<=5A: 0/4 ( 0%)  SR@1<=8A: 0/4 ( 0%)
  allosteric    N= 3  SR@1<=5A: 0/3 ( 0%)  SR@3<=5A: 0/3 ( 0%)  SR@1<=8A: 0/3 ( 0%)
  PPI           N= 1  SR@1<=5A: 0/1 ( 0%)  SR@3<=5A: 1/1 (100%)  SR@1<=8A: 0/1 ( 0%)

--- Per-Target Detail ---
   #   APO  HOLO   LIG TYPE           Top1   Top3  Top10    Best  Rank
---------------------------------------------------------------------------
   1  1JWP  1PZO   CBT cryptic       11.6A  11.6A   5.7A    5.7A    7 
   2  2NPQ  2ZB1   GK4 cryptic       19.4A  19.4A 999.0A   17.5A    4 
   3  1KV1  1KV2   B96 allosteric    16.7A  12.7A 999.0A   12.7A    2 
   4  1MY0  1N0T   AT1 cryptic       18.9A  10.2A 999.0A   10.2A    2 
   5  4EY4  4EY7   E20 orthosteric   31.9A  17.4A  11.3A   11.3A    7 
   6  2HNP  1T49   892 allosteric    34.5A  28.0A   2.8A    2.8A    6 
   7  1M47  1PY2   FRH PPI           28.5A   4.5A 999.0A    4.5A    3 
   8  1HCL  1JSV   U55 orthosteric   15.2A  15.2A   8.8A    8.8A    5 
   9  1YES  1YET   GDM orthosteric    7.6A   7.6A   7.6A    7.6A    1 *
  10  2OSS  3MXF   JQ1 orthosteric    3.2A   3.2A 999.0A    3.2A    1 ***
  11  1FKG  1FKJ   FK5 orthosteric   25.7A   8.5A 999.0A    8.5A    2 
  12  1HPV  1HVR   XK2 orthosteric   12.1A  12.1A 999.0A    9.1A    4 
  13  3ERT  1ERR   RAL orthosteric   20.6A  15.4A  10.9A   10.9A    4 
  14  1K3F  1K3G   HEC orthosteric   20.7A   9.3A 999.0A    7.9A    4 
  15  1P38  3HEC   STI cryptic       24.7A  14.6A  11.1A   11.1A    5 
  16  1YVF  1YV3   ADP allosteric    19.0A  14.0A  14.0A   14.0A    3 
  17  1PKL  1PKN   PYR orthosteric   22.3A  19.5A 999.0A   19.5A    2 
  18  1DWD  1DWC   MIT orthosteric   19.4A  13.6A 999.0A   12.3A    6 
  19  1TTH  1TTI   PGA orthosteric   18.2A  16.2A   3.3A    3.3A    5 
  20  2CBA  3HS4   AZM orthosteric   16.1A   4.9A   4.9A    4.9A    2 
  21  1RDQ  1K1J   FD2 orthosteric   23.2A  20.9A  11.9A   11.9A   10 
  22  3L3N  3L3M   A92 orthosteric   27.8A  17.8A  12.9A   12.9A    4 
  23  1NNA  1NNC   ZMR orthosteric   31.2A   7.4A   7.4A    7.4A    2 
  24  1TPA  1TPP   APA orthosteric   20.0A  10.9A 999.0A    4.1A    5 
  25  1ABF  1ABE   ARA orthosteric   21.3A  14.5A  11.1A   10.9A   13 
  26  4HT0  4HT2   V50 orthosteric   17.5A  17.5A  11.2A   11.2A    5 
  27  1C5Y  1C5X   FLC orthosteric   30.0A  23.1A   2.5A    2.5A    5 
  28  1GKC  1GKD   STN orthosteric   17.5A  14.4A   3.0A    3.0A    7 
  29  3TMN  5TMN   0PJ orthosteric    7.3A   7.3A 999.0A    7.3A    1 *
  30  4DFR  3DFR   MTX orthosteric    8.5A   8.5A 999.0A    8.5A    1 

================================================================================
BENCHMARK COMPLETE - 30 targets evaluated
Results saved to benchmarks/prism4d_bench30/benchmark_results.json
================================================================================
