PRISM4D-BENCH30: 30 targets
================================================================================

--- Target 1: 1JWP -> 1PZO (CBT) [cryptic] ---
  37 sites, 130s | Top-1: 19.4A | Top-3: 11.7A | Top-5: 11.7A | Top-10: 11.7A | Best: 4.0A (rank 36)
    #1 id=4007 q=0.068 DCC=19.4 vol=626
    #2 id=7 q=0.064 DCC=11.7 vol=626
    #3 id=4008 q=0.061 DCC=27.2 vol=154
    #4 id=8 q=0.057 DCC=20.9 vol=154
    #5 id=3517 q=0.053 DCC=13.1 vol=626

--- Target 2: 2NPQ -> 2ZB1 (GK4) [cryptic] ---
  28 sites, 157s | Top-1: 4.2A | Top-3: 4.2A | Top-5: 4.2A | Top-10: 4.2A | Best: 4.2A (rank 1)
    #1 id=4003 q=0.146 DCC=4.2 vol=4721 **
    #2 id=3 q=0.129 DCC=18.8 vol=4721
    #3 id=3511 q=0.105 DCC=22.0 vol=4721
    #4 id=4508 q=0.074 DCC=9.1 vol=1574
    #5 id=1508 q=0.070 DCC=9.6 vol=1574

--- Target 3: 1KV1 -> 1KV2 (B96) [allosteric] ---
  36 sites, 160s | Top-1: 16.7A | Top-3: 14.9A | Top-5: 8.6A | Top-10: 8.6A | Best: 8.6A (rank 5)
    #1 id=6 q=0.103 DCC=16.7 vol=3249
    #2 id=508 q=0.100 DCC=14.9 vol=3249
    #3 id=3523 q=0.097 DCC=19.7 vol=3249
    #4 id=5512 q=0.080 DCC=10.2 vol=1083
    #5 id=4512 q=0.074 DCC=8.6 vol=1083

--- Target 4: 1MY0 -> 1N0T (AT1) [cryptic] ---
  31 sites, 126s | Top-1: 12.8A | Top-3: 12.8A | Top-5: 10.2A | Top-10: 10.2A | Best: 10.2A (rank 4)
    #1 id=2 q=0.071 DCC=12.8 vol=1316
    #2 id=4002 q=0.066 DCC=13.8 vol=1316
    #3 id=3514 q=0.059 DCC=14.9 vol=1316
    #4 id=5 q=0.058 DCC=10.2 vol=717
    #5 id=4005 q=0.057 DCC=16.0 vol=717

--- Target 5: 4EY4 -> 4EY7 (E20) [orthosteric] ---
  49 sites, 240s | Top-1: 23.9A | Top-3: 7.2A | Top-5: 7.2A | Top-10: 6.1A | Best: 6.1A (rank 9)
    #1 id=4000 q=0.058 DCC=23.9 vol=1516
    #2 id=1 q=0.057 DCC=11.3 vol=953
    #3 id=4001 q=0.053 DCC=7.2 vol=953 *
    #4 id=3527 q=0.049 DCC=13.8 vol=953
    #5 id=0 q=0.049 DCC=17.4 vol=1516

--- Target 6: 2HNP -> 1T49 (892) [allosteric] ---
  38 sites, 133s | Top-1: 27.7A | Top-3: 23.8A | Top-5: 23.8A | Top-10: 2.8A | Best: 2.8A (rank 7)
    #1 id=4006 q=0.066 DCC=27.7 vol=1010
    #2 id=6 q=0.057 DCC=23.8 vol=1010
    #3 id=3018 q=0.050 DCC=28.3 vol=1010
    #4 id=3 q=0.046 DCC=30.1 vol=685
    #5 id=4003 q=0.045 DCC=37.2 vol=685

--- Target 7: 1M47 -> 1PY2 (FRH) [PPI] ---
  20 sites, 92s | Top-1: 11.6A | Top-3: 11.6A | Top-5: 11.6A | Top-10: 11.6A | Best: 4.4A (rank 13)
    #1 id=4508 q=0.106 DCC=11.6 vol=263
    #2 id=508 q=0.100 DCC=13.4 vol=263
    #3 id=5509 q=0.099 DCC=23.4 vol=263
    #4 id=2509 q=0.097 DCC=28.4 vol=263
    #5 id=7 q=0.095 DCC=12.5 vol=263

--- Target 8: 1HCL -> 1JSV (U55) [orthosteric] ---
  35 sites, 161s | Top-1: 19.0A | Top-3: 11.6A | Top-5: 11.0A | Top-10: 8.8A | Best: 4.2A (rank 18)
    #1 id=3 q=0.064 DCC=19.0 vol=1510
    #2 id=4003 q=0.056 DCC=11.6 vol=1510
    #3 id=3518 q=0.049 DCC=24.8 vol=1510
    #4 id=4008 q=0.048 DCC=11.0 vol=487
    #5 id=3516 q=0.048 DCC=22.9 vol=1315

--- Target 9: 1YES -> 1YET (GDM) [orthosteric] ---
  39 sites, 133s | Top-1: 8.6A | Top-3: 7.3A | Top-5: 7.3A | Top-10: 2.5A | Best: 2.5A (rank 9)
    #1 id=4004 q=0.066 DCC=8.6 vol=980
    #2 id=4 q=0.061 DCC=7.3 vol=980 *
    #3 id=3527 q=0.053 DCC=10.3 vol=980
    #4 id=512 q=0.053 DCC=10.8 vol=980
    #5 id=513 q=0.053 DCC=10.8 vol=980

--- Target 10: 2OSS -> 3MXF (JQ1) [orthosteric] ---
  15 sites, 77s | Top-1: 16.2A | Top-3: 16.2A | Top-5: 15.5A | Top-10: 12.5A | Best: 3.2A (rank 13)
    #1 id=2505 q=0.096 DCC=16.2 vol=346
    #2 id=4505 q=0.086 DCC=26.7 vol=346
    #3 id=4005 q=0.084 DCC=21.2 vol=81
    #4 id=505 q=0.082 DCC=23.4 vol=346
    #5 id=5 q=0.081 DCC=15.5 vol=81

--- Target 11: 1FKG -> 1FKJ (FK5) [orthosteric] ---
  17 sites, 69s | Top-1: 6.2A | Top-3: 6.2A | Top-5: 6.2A | Top-10: 4.0A | Best: 4.0A (rank 8)
    #1 id=4000 q=0.118 DCC=6.2 vol=779 *
    #2 id=0 q=0.114 DCC=8.9 vol=779
    #3 id=3506 q=0.105 DCC=10.0 vol=779
    #4 id=3 q=0.062 DCC=25.6 vol=376
    #5 id=1505 q=0.057 DCC=11.6 vol=260

--- Target 12: 1HPV -> 1HVR (XK2) [orthosteric] ---
  18 sites, 61s | Top-1: 15.1A | Top-3: 9.7A | Top-5: 6.9A | Top-10: 4.0A | Best: 4.0A (rank 10)
    #1 id=4 q=0.094 DCC=15.1 vol=82
    #2 id=4004 q=0.094 DCC=20.0 vol=82
    #3 id=3 q=0.088 DCC=9.7 vol=541
    #4 id=4003 q=0.087 DCC=9.8 vol=541
    #5 id=3507 q=0.085 DCC=6.9 vol=541 *

--- Target 13: 3ERT -> 1ERR (RAL) [orthosteric] ---
  33 sites, 124s | Top-1: 23.9A | Top-3: 9.1A | Top-5: 9.1A | Top-10: 9.1A | Best: 5.6A (rank 21)
    #1 id=4000 q=0.064 DCC=23.9 vol=1390
    #2 id=0 q=0.057 DCC=24.4 vol=1390
    #3 id=509 q=0.056 DCC=9.1 vol=181
    #4 id=4004 q=0.055 DCC=15.9 vol=1190
    #5 id=3519 q=0.051 DCC=27.7 vol=1390

--- Target 14: 1K3F -> 1K3G (HEC) [orthosteric] ---
  33 sites, 123s | Top-1: 25.6A | Top-3: 22.4A | Top-5: 20.4A | Top-10: 18.0A | Best: 7.9A (rank 28)
    #1 id=2 q=0.056 DCC=25.6 vol=1342
    #2 id=4002 q=0.054 DCC=22.4 vol=1342
    #3 id=1 q=0.053 DCC=23.9 vol=278
    #4 id=4001 q=0.053 DCC=28.2 vol=278
    #5 id=3512 q=0.049 DCC=20.4 vol=278

--- Target 15: 1P38 -> 3HEC (STI) [cryptic] ---
  48 sites, 169s | Top-1: 10.9A | Top-3: 10.2A | Top-5: 10.2A | Top-10: 10.2A | Best: 9.0A (rank 11)
    #1 id=0 q=0.067 DCC=10.9 vol=1665
    #2 id=4000 q=0.063 DCC=10.2 vol=1665
    #3 id=3530 q=0.057 DCC=15.7 vol=1665
    #4 id=8 q=0.037 DCC=14.5 vol=223
    #5 id=7526 q=0.036 DCC=23.5 vol=989

--- Target 16: 1YVF -> 1YV3 (ADP) [allosteric] ---
  57 sites, 223s | Top-1: 20.8A | Top-3: 20.8A | Top-5: 20.8A | Top-10: 7.7A | Best: 7.2A (rank 26)
    #1 id=4000 q=0.064 DCC=20.8 vol=2882
    #2 id=0 q=0.064 DCC=23.2 vol=2882
    #3 id=3534 q=0.055 DCC=28.0 vol=2882
    #4 id=4527 q=0.040 DCC=22.8 vol=961
    #5 id=1527 q=0.036 DCC=23.5 vol=961

--- Target 17: 1PKL -> 1PKN (PYR) [orthosteric] ---
  24 sites, 214s | Top-1: 30.0A | Top-3: 30.0A | Top-5: 9.4A | Top-10: 9.4A | Best: 9.4A (rank 5)
    #1 id=4000 q=0.133 DCC=30.0 vol=5407
    #2 id=0 q=0.120 DCC=31.3 vol=5407
    #3 id=3012 q=0.108 DCC=32.1 vol=5407
    #4 id=1009 q=0.073 DCC=30.0 vol=1802
    #5 id=4003 q=0.068 DCC=9.4 vol=2559

--- Target 18: 1DWD -> 1DWC (MIT) [orthosteric] ---
  30 sites, 126s | Top-1: 13.0A | Top-3: 13.0A | Top-5: 13.0A | Top-10: 6.5A | Best: 6.5A (rank 9)
    #1 id=4000 q=0.072 DCC=13.0 vol=1817
    #2 id=4 q=0.071 DCC=31.2 vol=1519
    #3 id=0 q=0.071 DCC=25.5 vol=1817
    #4 id=4004 q=0.071 DCC=27.2 vol=1519
    #5 id=3514 q=0.069 DCC=31.3 vol=1817

--- Target 19: 1TTH -> 1TTI (PGA) [orthosteric] ---
  26 sites, 155s | Top-1: 16.6A | Top-3: 16.6A | Top-5: 16.6A | Top-10: 16.6A | Best: 3.2A (rank 16)
    #1 id=11 q=0.094 DCC=16.6 vol=545
    #2 id=4011 q=0.090 DCC=21.1 vol=545
    #3 id=3516 q=0.083 DCC=22.8 vol=545
    #4 id=4002 q=0.072 DCC=17.4 vol=326
    #5 id=2 q=0.064 DCC=18.2 vol=326

--- Target 20: 2CBA -> 3HS4 (AZM) [orthosteric] ---
  31 sites, 113s | Top-1: 22.6A | Top-3: 18.6A | Top-5: 4.9A | Top-10: 4.9A | Best: 4.9A (rank 5)
    #1 id=4513 q=0.082 DCC=22.6 vol=854
    #2 id=0 q=0.082 DCC=18.6 vol=854
    #3 id=3521 q=0.070 DCC=24.6 vol=854
    #4 id=513 q=0.069 DCC=16.2 vol=854
    #5 id=9 q=0.044 DCC=4.9 vol=185 **

--- Target 21: 1RDQ -> 1K1J (FD2) [orthosteric] ---
  46 sites, 176s | Top-1: 19.3A | Top-3: 19.3A | Top-5: 19.3A | Top-10: 11.9A | Best: 11.6A (rank 17)
    #1 id=4004 q=0.058 DCC=19.3 vol=1311
    #2 id=4 q=0.052 DCC=22.2 vol=1311
    #3 id=7527 q=0.052 DCC=22.8 vol=1016
    #4 id=3529 q=0.047 DCC=26.7 vol=1311
    #5 id=511 q=0.042 DCC=24.6 vol=1016

--- Target 22: 3L3N -> 3L3M (A92) [orthosteric] ---
  62 sites, 253s | Top-1: 11.4A | Top-3: 11.4A | Top-5: 11.4A | Top-10: 6.0A | Best: 6.0A (rank 8)
    #1 id=4003 q=0.063 DCC=11.4 vol=2391
    #2 id=3 q=0.058 DCC=12.9 vol=2391
    #3 id=521 q=0.051 DCC=19.0 vol=2391
    #4 id=3544 q=0.050 DCC=40.1 vol=2391
    #5 id=4006 q=0.034 DCC=22.2 vol=1124

--- Target 23: 1NNA -> 1NNC (ZMR) [orthosteric] ---
  32 sites, 165s | Top-1: 19.4A | Top-3: 10.8A | Top-5: 10.8A | Top-10: 10.8A | Best: 5.0A (rank 22)
    #1 id=4008 q=0.085 DCC=19.4 vol=1321
    #2 id=8 q=0.084 DCC=10.8 vol=1321
    #3 id=3516 q=0.066 DCC=32.9 vol=1321
    #4 id=1515 q=0.060 DCC=19.0 vol=440
    #5 id=4512 q=0.056 DCC=28.5 vol=353

--- Target 24: 1TPA -> 1TPP (APA) [orthosteric] ---
  22 sites, 108s | Top-1: 12.3A | Top-3: 4.1A | Top-5: 4.1A | Top-10: 4.1A | Best: 4.1A (rank 2)
    #1 id=4003 q=0.123 DCC=12.3 vol=1009
    #2 id=3 q=0.121 DCC=4.1 vol=1009 **
    #3 id=3510 q=0.104 DCC=17.9 vol=1009
    #4 id=1506 q=0.061 DCC=12.8 vol=336
    #5 id=4506 q=0.059 DCC=10.7 vol=336

--- Target 25: 1ABF -> 1ABE (ARA) [orthosteric] ---
  33 sites, 120s | Top-1: 13.8A | Top-3: 13.8A | Top-5: 12.9A | Top-10: 12.1A | Best: 7.5A (rank 16)
    #1 id=12 q=0.058 DCC=13.8 vol=259
    #2 id=1 q=0.053 DCC=21.3 vol=115
    #3 id=3 q=0.052 DCC=14.2 vol=361
    #4 id=4003 q=0.051 DCC=12.9 vol=361
    #5 id=3518 q=0.051 DCC=20.3 vol=259

--- Target 26: 4HT0 -> 4HT2 (V50) [orthosteric] ---
  28 sites, 110s | Top-1: 15.8A | Top-3: 12.5A | Top-5: 12.5A | Top-10: 5.6A | Best: 5.6A (rank 10)
    #1 id=7 q=0.109 DCC=15.8 vol=693
    #2 id=4007 q=0.098 DCC=12.5 vol=693
    #3 id=3017 q=0.096 DCC=18.9 vol=693
    #4 id=4010 q=0.063 DCC=14.6 vol=231
    #5 id=1010 q=0.063 DCC=14.2 vol=231

--- Target 27: 1C5Y -> 1C5X (FLC) [orthosteric] ---
  30 sites, 115s | Top-1: 11.3A | Top-3: 2.2A | Top-5: 2.2A | Top-10: 2.2A | Best: 2.2A (rank 3)
    #1 id=4003 q=0.102 DCC=11.3 vol=945
    #2 id=3 q=0.096 DCC=2.6 vol=945 ***
    #3 id=3515 q=0.086 DCC=2.2 vol=945 ***
    #4 id=1513 q=0.061 DCC=4.4 vol=315 **
    #5 id=4 q=0.054 DCC=23.1 vol=109

--- Target 28: 1GKC -> 1GKD (STN) [orthosteric] ---
  28 sites, 88s | Top-1: 9.7A | Top-3: 3.0A | Top-5: 3.0A | Top-10: 3.0A | Best: 3.0A (rank 2)
    #1 id=2513 q=0.076 DCC=9.7 vol=297
    #2 id=9 q=0.070 DCC=3.0 vol=297 ***
    #3 id=512 q=0.066 DCC=8.1 vol=297
    #4 id=4512 q=0.065 DCC=6.5 vol=297 *
    #5 id=5513 q=0.057 DCC=8.6 vol=297

--- Target 29: 3TMN -> 5TMN (0PJ) [orthosteric] ---
  29 sites, 146s | Top-1: 1.3A | Top-3: 1.3A | Top-5: 1.3A | Top-10: 1.3A | Best: 1.3A (rank 1)
    #1 id=4005 q=0.077 DCC=1.3 vol=921 ***
    #2 id=5 q=0.075 DCC=7.3 vol=921 *
    #3 id=3013 q=0.061 DCC=11.4 vol=921
    #4 id=3 q=0.059 DCC=16.5 vol=1069
    #5 id=4003 q=0.058 DCC=18.6 vol=1069

--- Target 30: 4DFR -> 3DFR (MTX) [orthosteric] ---
  21 sites, 85s | Top-1: 3.4A | Top-3: 3.4A | Top-5: 3.4A | Top-10: 3.4A | Best: 3.4A (rank 1)
    #1 id=4003 q=0.120 DCC=3.4 vol=662 ***
    #2 id=3 q=0.110 DCC=12.0 vol=662
    #3 id=3510 q=0.094 DCC=7.5 vol=662 *
    #4 id=7 q=0.092 DCC=25.4 vol=363
    #5 id=4007 q=0.082 DCC=17.7 vol=363

================================================================================
PRISM4D-BENCH30 AGGREGATE RESULTS
================================================================================

Metric                DCC<=4A  DCC<=5A  DCC<=8A  DCC<=10A
------------------------------------------------------------
SR@1                  2/30 ( 7%)  3/30 (10%)  4/30 (13%)  6/30 (20%)
SR@3                  4/30 (13%)  6/30 (20%)  9/30 (30%)  11/30 (37%)
SR@N+2                4/30 (13%)  6/30 (20%)  9/30 (30%)  11/30 (37%)
SR@5                  4/30 (13%)  7/30 (23%)  11/30 (37%)  14/30 (47%)
SR@10                 7/30 (23%)  11/30 (37%)  16/30 (53%)  20/30 (67%)

Mean Top-1 DCC        15.4A
Median Top-1 DCC      15.4A
Mean Best DCC         5.4A
Mean time/target      139s

--- SR@N Curve (DCC <= 5A) ---
N   SR@N   Cumulative targets
 1   3/30 (10%)  ###
 2   6/30 (20%)  ######
 3   6/30 (20%)  ######
 4   6/30 (20%)  ######
 5   7/30 (23%)  #######
 6   7/30 (23%)  #######
 7   8/30 (27%)  ########
 8   9/30 (30%)  #########
 9  10/30 (33%)  ##########
10  11/30 (37%)  ###########

--- By Pocket Type ---
  orthosteric   N=22  SR@1<=5A: 2/22 ( 9%)  SR@3<=5A: 5/22 (23%)  SR@1<=8A: 3/22 (14%)
  cryptic       N= 4  SR@1<=5A: 1/4 (25%)  SR@3<=5A: 1/4 (25%)  SR@1<=8A: 1/4 (25%)
  allosteric    N= 3  SR@1<=5A: 0/3 ( 0%)  SR@3<=5A: 0/3 ( 0%)  SR@1<=8A: 0/3 ( 0%)
  PPI           N= 1  SR@1<=5A: 0/1 ( 0%)  SR@3<=5A: 0/1 ( 0%)  SR@1<=8A: 0/1 ( 0%)

--- Per-Target Detail ---
   #   APO  HOLO   LIG TYPE           Top1   Top3  Top10    Best  Rank
---------------------------------------------------------------------------
   1  1JWP  1PZO   CBT cryptic       19.4A  11.7A  11.7A    4.0A   36 
   2  2NPQ  2ZB1   GK4 cryptic        4.2A   4.2A   4.2A    4.2A    1 **
   3  1KV1  1KV2   B96 allosteric    16.7A  14.9A   8.6A    8.6A    5 
   4  1MY0  1N0T   AT1 cryptic       12.8A  12.8A  10.2A   10.2A    4 
   5  4EY4  4EY7   E20 orthosteric   23.9A   7.2A   6.1A    6.1A    9 
   6  2HNP  1T49   892 allosteric    27.7A  23.8A   2.8A    2.8A    7 
   7  1M47  1PY2   FRH PPI           11.6A  11.6A  11.6A    4.4A   13 
   8  1HCL  1JSV   U55 orthosteric   19.0A  11.6A   8.8A    4.2A   18 
   9  1YES  1YET   GDM orthosteric    8.6A   7.3A   2.5A    2.5A    9 
  10  2OSS  3MXF   JQ1 orthosteric   16.2A  16.2A  12.5A    3.2A   13 
  11  1FKG  1FKJ   FK5 orthosteric    6.2A   6.2A   4.0A    4.0A    8 *
  12  1HPV  1HVR   XK2 orthosteric   15.1A   9.7A   4.0A    4.0A   10 
  13  3ERT  1ERR   RAL orthosteric   23.9A   9.1A   9.1A    5.6A   21 
  14  1K3F  1K3G   HEC orthosteric   25.6A  22.4A  18.0A    7.9A   28 
  15  1P38  3HEC   STI cryptic       10.9A  10.2A  10.2A    9.0A   11 
  16  1YVF  1YV3   ADP allosteric    20.8A  20.8A   7.7A    7.2A   26 
  17  1PKL  1PKN   PYR orthosteric   30.0A  30.0A   9.4A    9.4A    5 
  18  1DWD  1DWC   MIT orthosteric   13.0A  13.0A   6.5A    6.5A    9 
  19  1TTH  1TTI   PGA orthosteric   16.6A  16.6A  16.6A    3.2A   16 
  20  2CBA  3HS4   AZM orthosteric   22.6A  18.6A   4.9A    4.9A    5 
  21  1RDQ  1K1J   FD2 orthosteric   19.3A  19.3A  11.9A   11.6A   17 
  22  3L3N  3L3M   A92 orthosteric   11.4A  11.4A   6.0A    6.0A    8 
  23  1NNA  1NNC   ZMR orthosteric   19.4A  10.8A  10.8A    5.0A   22 
  24  1TPA  1TPP   APA orthosteric   12.3A   4.1A   4.1A    4.1A    2 
  25  1ABF  1ABE   ARA orthosteric   13.8A  13.8A  12.1A    7.5A   16 
  26  4HT0  4HT2   V50 orthosteric   15.8A  12.5A   5.6A    5.6A   10 
  27  1C5Y  1C5X   FLC orthosteric   11.3A   2.2A   2.2A    2.2A    3 
  28  1GKC  1GKD   STN orthosteric    9.7A   3.0A   3.0A    3.0A    2 
  29  3TMN  5TMN   0PJ orthosteric    1.3A   1.3A   1.3A    1.3A    1 ***
  30  4DFR  3DFR   MTX orthosteric    3.4A   3.4A   3.4A    3.4A    1 ***

================================================================================
BENCHMARK COMPLETE - 30 targets evaluated
Results saved to benchmarks/prism4d_bench30/benchmark_results.json
================================================================================
