PRISM4D-BENCH30: 30 targets
================================================================================

--- Target 1: 1JWP -> 1PZO (CBT) [cryptic] ---
  37 sites, 130s | Top-1: 15.3A | Top-3: 5.7A | Top-5: 5.7A | Top-10: 5.7A | Best: 5.7A (rank 3)
    #1 id=1512 q=0.895 DCC=15.3 vol=209
    #2 id=4007 q=0.790 DCC=19.4 vol=626
    #3 id=4 q=0.769 DCC=5.7 vol=137 *
    #4 id=4002 q=0.763 DCC=21.4 vol=298
    #5 id=7 q=0.737 DCC=11.8 vol=626

--- Target 2: 2NPQ -> 2ZB1 (GK4) [cryptic] ---
  37 sites, 155s | Top-1: 30.8A | Top-3: 4.2A | Top-5: 4.2A | Top-10: 4.2A | Best: 4.2A (rank 2)
    #1 id=4002 q=0.746 DCC=30.8 vol=341
    #2 id=4506 q=0.735 DCC=4.2 vol=4721 **
    #3 id=4 q=0.730 DCC=34.8 vol=152
    #4 id=2 q=0.717 DCC=28.5 vol=341
    #5 id=4004 q=0.697 DCC=34.8 vol=152

--- Target 3: 1KV1 -> 1KV2 (B96) [allosteric] ---
  44 sites, 163s | Top-1: 30.3A | Top-3: 27.4A | Top-5: 12.7A | Top-10: 9.7A | Best: 7.6A (rank 22)
    #1 id=4002 q=0.759 DCC=30.3 vol=152
    #2 id=2 q=0.758 DCC=27.4 vol=152
    #3 id=4507 q=0.747 DCC=34.9 vol=246
    #4 id=7 q=0.745 DCC=12.7 vol=72
    #5 id=507 q=0.737 DCC=32.8 vol=246

--- Target 4: 1MY0 -> 1N0T (AT1) [cryptic] ---
  31 sites, 125s | Top-1: 19.2A | Top-3: 13.5A | Top-5: 13.5A | Top-10: 10.2A | Best: 10.2A (rank 6)
    #1 id=4008 q=0.793 DCC=19.2 vol=183
    #2 id=4007 q=0.784 DCC=24.2 vol=81
    #3 id=8 q=0.766 DCC=13.5 vol=183
    #4 id=7 q=0.737 DCC=14.2 vol=81
    #5 id=6 q=0.705 DCC=23.4 vol=118

--- Target 5: 4EY4 -> 4EY7 (E20) [orthosteric] ---
  49 sites, 241s | Top-1: 22.3A | Top-3: 19.1A | Top-5: 19.1A | Top-10: 19.1A | Best: 6.1A (rank 25)
    #1 id=10 q=0.768 DCC=22.3 vol=71
    #2 id=1514 q=0.768 DCC=19.1 vol=263
    #3 id=4010 q=0.755 DCC=28.3 vol=71
    #4 id=5 q=0.736 DCC=31.2 vol=444
    #5 id=512 q=0.734 DCC=31.1 vol=179

--- Target 6: 2HNP -> 1T49 (892) [allosteric] ---
  38 sites, 134s | Top-1: 37.6A | Top-3: 29.3A | Top-5: 29.3A | Top-10: 7.3A | Best: 3.3A (rank 11)
    #1 id=4001 q=0.899 DCC=37.6 vol=122
    #2 id=4 q=0.858 DCC=29.3 vol=201
    #3 id=1 q=0.828 DCC=34.5 vol=122
    #4 id=4004 q=0.784 DCC=33.9 vol=201
    #5 id=0 q=0.740 DCC=37.7 vol=320

--- Target 7: 1M47 -> 1PY2 (FRH) [PPI] ---
  20 sites, 93s | Top-1: 28.4A | Top-3: 16.0A | Top-5: 16.0A | Top-10: 4.4A | Best: 4.4A (rank 9)
    #1 id=2 q=0.703 DCC=28.4 vol=154
    #2 id=4000 q=0.702 DCC=24.6 vol=61
    #3 id=4003 q=0.694 DCC=16.0 vol=98
    #4 id=4002 q=0.680 DCC=31.9 vol=154
    #5 id=0 q=0.680 DCC=21.0 vol=61

--- Target 8: 1HCL -> 1JSV (U55) [orthosteric] ---
  35 sites, 162s | Top-1: 34.4A | Top-3: 20.4A | Top-5: 17.0A | Top-10: 8.8A | Best: 4.2A (rank 34)
    #1 id=4007 q=0.796 DCC=34.4 vol=82
    #2 id=11 q=0.772 DCC=20.4 vol=54
    #3 id=7 q=0.772 DCC=27.3 vol=82
    #4 id=511 q=0.739 DCC=17.0 vol=54
    #5 id=0 q=0.727 DCC=31.0 vol=103

--- Target 9: 1YES -> 1YET (GDM) [orthosteric] ---
  43 sites, 134s | Top-1: 12.8A | Top-3: 7.8A | Top-5: 7.8A | Top-10: 7.8A | Best: 2.5A (rank 11)
    #1 id=4009 q=0.783 DCC=12.8 vol=86
    #2 id=7 q=0.775 DCC=17.6 vol=128
    #3 id=4 q=0.764 DCC=7.8 vol=980 *
    #4 id=4512 q=0.752 DCC=8.6 vol=980
    #5 id=0 q=0.737 DCC=26.2 vol=55

--- Target 10: 2OSS -> 3MXF (JQ1) [orthosteric] ---
  15 sites, 77s | Top-1: 14.0A | Top-3: 12.5A | Top-5: 3.2A | Top-10: 3.2A | Best: 3.2A (rank 5)
    #1 id=4002 q=0.808 DCC=14.0 vol=79
    #2 id=2 q=0.757 DCC=12.5 vol=79
    #3 id=2505 q=0.751 DCC=16.3 vol=346
    #4 id=4005 q=0.737 DCC=21.2 vol=81
    #5 id=3 q=0.735 DCC=3.2 vol=98 ***

--- Target 11: 1FKG -> 1FKJ (FK5) [orthosteric] ---
  17 sites, 69s | Top-1: 12.8A | Top-3: 10.0A | Top-5: 8.5A | Top-10: 4.0A | Best: 4.0A (rank 9)
    #1 id=503 q=0.796 DCC=12.8 vol=76
    #2 id=4504 q=0.756 DCC=10.0 vol=76
    #3 id=3 q=0.684 DCC=25.6 vol=376
    #4 id=504 q=0.669 DCC=10.4 vol=76
    #5 id=2 q=0.661 DCC=8.5 vol=76

--- Target 12: 1HPV -> 1HVR (XK2) [orthosteric] ---
  18 sites, 61s | Top-1: 17.4A | Top-3: 12.5A | Top-5: 12.5A | Top-10: 4.5A | Best: 4.1A (rank 13)
    #1 id=0 q=0.698 DCC=17.4 vol=104
    #2 id=505 q=0.697 DCC=12.5 vol=82
    #3 id=4505 q=0.693 DCC=13.3 vol=82
    #4 id=4000 q=0.684 DCC=23.1 vol=104
    #5 id=4002 q=0.666 DCC=26.2 vol=111

--- Target 13: 3ERT -> 1ERR (RAL) [orthosteric] ---
  34 sites, 124s | Top-1: 5.6A | Top-3: 5.6A | Top-5: 5.6A | Top-10: 5.6A | Best: 5.6A (rank 1)
    #1 id=509 q=0.832 DCC=5.6 vol=206 *
    #2 id=9 q=0.797 DCC=10.9 vol=51
    #3 id=1 q=0.767 DCC=30.2 vol=170
    #4 id=4005 q=0.759 DCC=27.7 vol=220
    #5 id=5 q=0.751 DCC=20.6 vol=220

--- Target 14: 1K3F -> 1K3G (HEC) [orthosteric] ---
  33 sites, 124s | Top-1: 20.7A | Top-3: 15.2A | Top-5: 13.7A | Top-10: 13.3A | Best: 7.9A (rank 14)
    #1 id=3 q=0.783 DCC=20.7 vol=539
    #2 id=4003 q=0.776 DCC=20.7 vol=539
    #3 id=4507 q=0.755 DCC=15.2 vol=204
    #4 id=4007 q=0.754 DCC=13.7 vol=243
    #5 id=2 q=0.723 DCC=25.6 vol=1342

--- Target 15: 1P38 -> 3HEC (STI) [cryptic] ---
  51 sites, 169s | Top-1: 23.6A | Top-3: 22.9A | Top-5: 22.9A | Top-10: 10.9A | Best: 8.3A (rank 36)
    #1 id=7526 q=0.851 DCC=23.6 vol=989
    #2 id=7529 q=0.825 DCC=22.9 vol=927
    #3 id=6 q=0.814 DCC=24.7 vol=171
    #4 id=4006 q=0.809 DCC=27.9 vol=171
    #5 id=1 q=0.789 DCC=23.6 vol=745

--- Target 16: 1YVF -> 1YV3 (ADP) [allosteric] ---
  59 sites, 224s | Top-1: 11.3A | Top-3: 11.3A | Top-5: 11.3A | Top-10: 11.3A | Best: 7.7A (rank 29)
    #1 id=4001 q=0.871 DCC=11.3 vol=1546
    #2 id=4514 q=0.848 DCC=41.8 vol=358
    #3 id=1 q=0.845 DCC=14.3 vol=1546
    #4 id=9 q=0.845 DCC=19.0 vol=64
    #5 id=4009 q=0.837 DCC=21.7 vol=64

--- Target 17: 1PKL -> 1PKN (PYR) [orthosteric] ---
  24 sites, 215s | Top-1: 27.4A | Top-3: 9.4A | Top-5: 9.4A | Top-10: 9.4A | Best: 9.4A (rank 3)
    #1 id=4004 q=0.947 DCC=27.4 vol=73
    #2 id=4 q=0.897 DCC=19.3 vol=73
    #3 id=4003 q=0.688 DCC=9.4 vol=2559
    #4 id=2 q=0.642 DCC=35.2 vol=360
    #5 id=3 q=0.640 DCC=19.6 vol=2559

--- Target 18: 1DWD -> 1DWC (MIT) [orthosteric] ---
  30 sites, 127s | Top-1: 19.4A | Top-3: 12.1A | Top-5: 12.1A | Top-10: 12.1A | Best: 6.5A (rank 25)
    #1 id=8 q=0.848 DCC=19.4 vol=56
    #2 id=4008 q=0.845 DCC=21.3 vol=56
    #3 id=508 q=0.788 DCC=12.1 vol=69
    #4 id=4508 q=0.751 DCC=14.0 vol=69
    #5 id=1 q=0.721 DCC=14.4 vol=192

--- Target 19: 1TTH -> 1TTI (PGA) [orthosteric] ---
  26 sites, 155s | Top-1: 17.4A | Top-3: 3.2A | Top-5: 3.2A | Top-10: 3.2A | Best: 3.2A (rank 2)
    #1 id=4002 q=0.979 DCC=17.4 vol=326
    #2 id=8 q=0.909 DCC=3.2 vol=234 ***
    #3 id=2 q=0.900 DCC=18.2 vol=326
    #4 id=4511 q=0.789 DCC=31.7 vol=487
    #5 id=3 q=0.789 DCC=22.4 vol=76

--- Target 20: 2CBA -> 3HS4 (AZM) [orthosteric] ---
  31 sites, 112s | Top-1: 15.2A | Top-3: 8.8A | Top-5: 8.8A | Top-10: 4.9A | Best: 4.9A (rank 8)
    #1 id=4003 q=0.834 DCC=15.2 vol=209
    #2 id=1515 q=0.831 DCC=23.0 vol=285
    #3 id=3 q=0.797 DCC=8.8 vol=209
    #4 id=0 q=0.774 DCC=18.6 vol=854
    #5 id=4515 q=0.765 DCC=19.4 vol=285

--- Target 21: 1RDQ -> 1K1J (FD2) [orthosteric] ---
  46 sites, 177s | Top-1: 22.8A | Top-3: 20.4A | Top-5: 20.4A | Top-10: 20.4A | Best: 11.6A (rank 15)
    #1 id=7527 q=0.829 DCC=22.8 vol=1016
    #2 id=8 q=0.773 DCC=31.5 vol=278
    #3 id=3 q=0.768 DCC=20.4 vol=68
    #4 id=4003 q=0.762 DCC=26.5 vol=68
    #5 id=4008 q=0.738 DCC=32.0 vol=278

--- Target 22: 3L3N -> 3L3M (A92) [orthosteric] ---
  62 sites, 253s | Top-1: 22.7A | Top-3: 22.2A | Top-5: 13.1A | Top-10: 13.1A | Best: 6.0A (rank 39)
    #1 id=17 q=0.907 DCC=22.7 vol=186
    #2 id=4017 q=0.890 DCC=31.0 vol=186
    #3 id=4006 q=0.821 DCC=22.2 vol=1124
    #4 id=6 q=0.817 DCC=13.1 vol=1124
    #5 id=19 q=0.782 DCC=23.4 vol=242

--- Target 23: 1NNA -> 1NNC (ZMR) [orthosteric] ---
  32 sites, 165s | Top-1: 19.9A | Top-3: 19.9A | Top-5: 15.2A | Top-10: 13.1A | Best: 5.0A (rank 30)
    #1 id=4006 q=0.844 DCC=19.9 vol=300
    #2 id=4513 q=0.818 DCC=22.6 vol=440
    #3 id=4513 q=0.808 DCC=28.5 vol=353
    #4 id=6 q=0.785 DCC=15.2 vol=300
    #5 id=3515 q=0.760 DCC=20.8 vol=300

--- Target 24: 1TPA -> 1TPP (APA) [orthosteric] ---
  22 sites, 109s | Top-1: 10.8A | Top-3: 10.8A | Top-5: 10.8A | Top-10: 10.7A | Best: 4.1A (rank 13)
    #1 id=506 q=0.960 DCC=10.8 vol=222
    #2 id=4506 q=0.814 DCC=17.7 vol=222
    #3 id=4002 q=0.771 DCC=21.8 vol=66
    #4 id=2 q=0.768 DCC=19.7 vol=66
    #5 id=4 q=0.761 DCC=17.2 vol=222

--- Target 25: 1ABF -> 1ABE (ARA) [orthosteric] ---
  32 sites, 120s | Top-1: 19.6A | Top-3: 16.9A | Top-5: 16.9A | Top-10: 15.5A | Best: 7.5A (rank 22)
    #1 id=515 q=0.980 DCC=19.6 vol=68
    #2 id=1515 q=0.851 DCC=16.9 vol=185
    #3 id=13 q=0.828 DCC=19.6 vol=53
    #4 id=1 q=0.824 DCC=21.3 vol=115
    #5 id=15 q=0.822 DCC=20.5 vol=75

--- Target 26: 4HT0 -> 4HT2 (V50) [orthosteric] ---
  28 sites, 110s | Top-1: 6.5A | Top-3: 6.5A | Top-5: 6.5A | Top-10: 6.5A | Best: 5.5A (rank 12)
    #1 id=6 q=0.819 DCC=6.5 vol=51 *
    #2 id=4 q=0.798 DCC=16.1 vol=238
    #3 id=9 q=0.796 DCC=22.6 vol=61
    #4 id=4006 q=0.788 DCC=11.1 vol=51
    #5 id=2 q=0.746 DCC=19.7 vol=215

--- Target 27: 1C5Y -> 1C5X (FLC) [orthosteric] ---
  32 sites, 115s | Top-1: 30.0A | Top-3: 30.0A | Top-5: 21.4A | Top-10: 4.4A | Best: 1.9A (rank 30)
    #1 id=6 q=0.863 DCC=30.0 vol=148
    #2 id=4002 q=0.830 DCC=31.8 vol=63
    #3 id=2 q=0.821 DCC=30.2 vol=63
    #4 id=4 q=0.808 DCC=23.1 vol=109
    #5 id=4513 q=0.767 DCC=21.4 vol=60

--- Target 28: 1GKC -> 1GKD (STN) [orthosteric] ---
  29 sites, 89s | Top-1: 17.5A | Top-3: 7.0A | Top-5: 7.0A | Top-10: 7.0A | Best: 3.0A (rank 11)
    #1 id=0 q=0.877 DCC=17.5 vol=81
    #2 id=6 q=0.765 DCC=8.9 vol=197
    #3 id=8 q=0.756 DCC=7.0 vol=50 *
    #4 id=4008 q=0.733 DCC=15.9 vol=50
    #5 id=4002 q=0.730 DCC=16.4 vol=129

--- Target 29: 3TMN -> 5TMN (0PJ) [orthosteric] ---
  29 sites, 144s | Top-1: 24.0A | Top-3: 24.0A | Top-5: 6.4A | Top-10: 1.3A | Best: 1.3A (rank 6)
    #1 id=7 q=0.842 DCC=24.0 vol=66
    #2 id=4007 q=0.796 DCC=27.3 vol=66
    #3 id=4006 q=0.793 DCC=27.0 vol=237
    #4 id=1007 q=0.773 DCC=6.4 vol=307 *
    #5 id=4007 q=0.773 DCC=6.7 vol=307 *

--- Target 30: 4DFR -> 3DFR (MTX) [orthosteric] ---
  21 sites, 85s | Top-1: 6.2A | Top-3: 6.2A | Top-5: 6.2A | Top-10: 3.4A | Best: 3.4A (rank 7)
    #1 id=4508 q=0.818 DCC=6.2 vol=221 *
    #2 id=1 q=0.793 DCC=13.8 vol=94
    #3 id=7 q=0.789 DCC=25.4 vol=363
    #4 id=0 q=0.755 DCC=16.2 vol=118
    #5 id=4007 q=0.711 DCC=17.7 vol=363

================================================================================
PRISM4D-BENCH30 AGGREGATE RESULTS
================================================================================

Metric                DCC<=4A  DCC<=5A  DCC<=8A  DCC<=10A
------------------------------------------------------------
SR@1                  0/30 ( 0%)  0/30 ( 0%)  3/30 (10%)  3/30 (10%)
SR@3                  1/30 ( 3%)  2/30 ( 7%)  8/30 (27%)  10/30 (33%)
SR@N+2                1/30 ( 3%)  2/30 ( 7%)  8/30 (27%)  10/30 (33%)
SR@5                  2/30 ( 7%)  3/30 (10%)  10/30 (33%)  13/30 (43%)
SR@10                 5/30 (17%)  10/30 (33%)  16/30 (53%)  19/30 (63%)

Mean Top-1 DCC        19.9A
Median Top-1 DCC      19.5A
Mean Best DCC         5.4A
Mean time/target      139s

--- SR@N Curve (DCC <= 5A) ---
N   SR@N   Cumulative targets
 1   0/30 ( 0%)  
 2   2/30 ( 7%)  ##
 3   2/30 ( 7%)  ##
 4   2/30 ( 7%)  ##
 5   3/30 (10%)  ###
 6   4/30 (13%)  ####
 7   6/30 (20%)  ######
 8   7/30 (23%)  #######
 9  10/30 (33%)  ##########
10  10/30 (33%)  ##########

--- By Pocket Type ---
  orthosteric   N=22  SR@1<=5A: 0/22 ( 0%)  SR@3<=5A: 1/22 ( 5%)  SR@1<=8A: 3/22 (14%)
  cryptic       N= 4  SR@1<=5A: 0/4 ( 0%)  SR@3<=5A: 1/4 (25%)  SR@1<=8A: 0/4 ( 0%)
  allosteric    N= 3  SR@1<=5A: 0/3 ( 0%)  SR@3<=5A: 0/3 ( 0%)  SR@1<=8A: 0/3 ( 0%)
  PPI           N= 1  SR@1<=5A: 0/1 ( 0%)  SR@3<=5A: 0/1 ( 0%)  SR@1<=8A: 0/1 ( 0%)

--- Per-Target Detail ---
   #   APO  HOLO   LIG TYPE           Top1   Top3  Top10    Best  Rank
---------------------------------------------------------------------------
   1  1JWP  1PZO   CBT cryptic       15.3A   5.7A   5.7A    5.7A    3 
   2  2NPQ  2ZB1   GK4 cryptic       30.8A   4.2A   4.2A    4.2A    2 
   3  1KV1  1KV2   B96 allosteric    30.3A  27.4A   9.7A    7.6A   22 
   4  1MY0  1N0T   AT1 cryptic       19.2A  13.5A  10.2A   10.2A    6 
   5  4EY4  4EY7   E20 orthosteric   22.3A  19.1A  19.1A    6.1A   25 
   6  2HNP  1T49   892 allosteric    37.6A  29.3A   7.3A    3.3A   11 
   7  1M47  1PY2   FRH PPI           28.4A  16.0A   4.4A    4.4A    9 
   8  1HCL  1JSV   U55 orthosteric   34.4A  20.4A   8.8A    4.2A   34 
   9  1YES  1YET   GDM orthosteric   12.8A   7.8A   7.8A    2.5A   11 
  10  2OSS  3MXF   JQ1 orthosteric   14.0A  12.5A   3.2A    3.2A    5 
  11  1FKG  1FKJ   FK5 orthosteric   12.8A  10.0A   4.0A    4.0A    9 
  12  1HPV  1HVR   XK2 orthosteric   17.4A  12.5A   4.5A    4.1A   13 
  13  3ERT  1ERR   RAL orthosteric    5.6A   5.6A   5.6A    5.6A    1 *
  14  1K3F  1K3G   HEC orthosteric   20.7A  15.2A  13.3A    7.9A   14 
  15  1P38  3HEC   STI cryptic       23.6A  22.9A  10.9A    8.3A   36 
  16  1YVF  1YV3   ADP allosteric    11.3A  11.3A  11.3A    7.7A   29 
  17  1PKL  1PKN   PYR orthosteric   27.4A   9.4A   9.4A    9.4A    3 
  18  1DWD  1DWC   MIT orthosteric   19.4A  12.1A  12.1A    6.5A   25 
  19  1TTH  1TTI   PGA orthosteric   17.4A   3.2A   3.2A    3.2A    2 
  20  2CBA  3HS4   AZM orthosteric   15.2A   8.8A   4.9A    4.9A    8 
  21  1RDQ  1K1J   FD2 orthosteric   22.8A  20.4A  20.4A   11.6A   15 
  22  3L3N  3L3M   A92 orthosteric   22.7A  22.2A  13.1A    6.0A   39 
  23  1NNA  1NNC   ZMR orthosteric   19.9A  19.9A  13.1A    5.0A   30 
  24  1TPA  1TPP   APA orthosteric   10.8A  10.8A  10.7A    4.1A   13 
  25  1ABF  1ABE   ARA orthosteric   19.6A  16.9A  15.5A    7.5A   22 
  26  4HT0  4HT2   V50 orthosteric    6.5A   6.5A   6.5A    5.5A   12 *
  27  1C5Y  1C5X   FLC orthosteric   30.0A  30.0A   4.4A    1.9A   30 
  28  1GKC  1GKD   STN orthosteric   17.5A   7.0A   7.0A    3.0A   11 
  29  3TMN  5TMN   0PJ orthosteric   24.0A  24.0A   1.3A    1.3A    6 
  30  4DFR  3DFR   MTX orthosteric    6.2A   6.2A   3.4A    3.4A    7 *

================================================================================
BENCHMARK COMPLETE - 30 targets evaluated
Results saved to benchmarks/prism4d_bench30/benchmark_results.json
================================================================================
