PRISM4D-BENCH30: 30 targets
================================================================================

--- Target 1: 1JWP -> 1PZO (CBT) [cryptic] ---
  13 sites, 121s | Top-1: 24.2A | Top-3: 19.2A | Top-5: 14.4A | Top-10: 11.7A | Best: 5.7A (rank 11)
    #1 id=8 q=0.705 DCC=24.2 vol=154
    #2 id=10 q=0.688 DCC=24.9 vol=59
    #3 id=1 q=0.678 DCC=19.2 vol=107
    #4 id=6 q=0.666 DCC=20.9 vol=141
    #5 id=9 q=0.638 DCC=14.4 vol=75

--- Target 2: 2NPQ -> 2ZB1 (GK4) [cryptic] ---
  7 sites, 150s | Top-1: 28.5A | Top-3: 19.5A | Top-5: 17.5A | Top-10: 999.0A | Best: 17.5A (rank 4)
    #1 id=2 q=0.717 DCC=28.5 vol=341
    #2 id=3 q=0.606 DCC=19.5 vol=4721
    #3 id=4 q=0.587 DCC=31.1 vol=152
    #4 id=5 q=0.555 DCC=17.5 vol=155
    #5 id=6 q=0.519 DCC=17.9 vol=827

--- Target 3: 1KV1 -> 1KV2 (B96) [allosteric] ---
  8 sites, 150s | Top-1: 12.7A | Top-3: 12.7A | Top-5: 12.7A | Top-10: 999.0A | Best: 12.7A (rank 1)
    #1 id=7 q=0.766 DCC=12.7 vol=72
    #2 id=4 q=0.622 DCC=27.0 vol=226
    #3 id=6 q=0.608 DCC=16.7 vol=3249
    #4 id=5 q=0.597 DCC=16.3 vol=1456
    #5 id=2 q=0.589 DCC=28.1 vol=152

--- Target 4: 1MY0 -> 1N0T (AT1) [cryptic] ---
  9 sites, 117s | Top-1: 18.9A | Top-3: 10.1A | Top-5: 10.1A | Top-10: 999.0A | Best: 10.1A (rank 3)
    #1 id=7 q=0.784 DCC=18.9 vol=81
    #2 id=8 q=0.703 DCC=16.9 vol=183
    #3 id=5 q=0.628 DCC=10.1 vol=717
    #4 id=2 q=0.537 DCC=12.2 vol=1316
    #5 id=3 q=0.514 DCC=17.5 vol=374

--- Target 5: 4EY4 -> 4EY7 (E20) [orthosteric] ---
  13 sites, 221s | Top-1: 15.8A | Top-3: 15.8A | Top-5: 15.8A | Top-10: 15.8A | Best: 11.3A (rank 11)
    #1 id=11 q=0.664 DCC=15.8 vol=70
    #2 id=10 q=0.647 DCC=25.6 vol=71
    #3 id=8 q=0.625 DCC=35.3 vol=179
    #4 id=3 q=0.618 DCC=22.3 vol=790
    #5 id=2 q=0.590 DCC=20.2 vol=801

--- Target 6: 2HNP -> 1T49 (892) [allosteric] ---
  12 sites, 124s | Top-1: 34.5A | Top-3: 23.8A | Top-5: 13.8A | Top-10: 3.1A | Best: 3.1A (rank 8)
    #1 id=1 q=0.915 DCC=34.5 vol=122
    #2 id=6 q=0.613 DCC=23.8 vol=1010
    #3 id=0 q=0.612 DCC=37.6 vol=320
    #4 id=4 q=0.596 DCC=32.7 vol=201
    #5 id=10 q=0.586 DCC=13.8 vol=224

--- Target 7: 1M47 -> 1PY2 (FRH) [PPI] ---
  8 sites, 87s | Top-1: 15.2A | Top-3: 15.2A | Top-5: 4.5A | Top-10: 999.0A | Best: 4.5A (rank 5)
    #1 id=3 q=0.742 DCC=15.2 vol=98
    #2 id=4 q=0.706 DCC=21.5 vol=54
    #3 id=0 q=0.703 DCC=21.0 vol=61
    #4 id=2 q=0.702 DCC=28.5 vol=154
    #5 id=6 q=0.680 DCC=4.5 vol=74 **

--- Target 8: 1HCL -> 1JSV (U55) [orthosteric] ---
  12 sites, 149s | Top-1: 15.2A | Top-3: 15.2A | Top-5: 15.2A | Top-10: 8.9A | Best: 8.9A (rank 10)
    #1 id=4 q=0.758 DCC=15.2 vol=130
    #2 id=6 q=0.718 DCC=28.4 vol=129
    #3 id=3 q=0.675 DCC=19.8 vol=1510
    #4 id=7 q=0.669 DCC=27.3 vol=82
    #5 id=2 q=0.619 DCC=37.6 vol=128

--- Target 9: 1YES -> 1YET (GDM) [orthosteric] ---
  11 sites, 120s | Top-1: 8.5A | Top-3: 8.5A | Top-5: 8.5A | Top-10: 7.5A | Best: 7.5A (rank 6)
    #1 id=9 q=0.794 DCC=8.5 vol=86
    #2 id=5 q=0.677 DCC=18.4 vol=195
    #3 id=6 q=0.642 DCC=17.1 vol=92
    #4 id=10 q=0.635 DCC=12.5 vol=61
    #5 id=3 q=0.632 DCC=17.2 vol=185

--- Target 10: 2OSS -> 3MXF (JQ1) [orthosteric] ---
  6 sites, 74s | Top-1: 3.2A | Top-3: 3.2A | Top-5: 3.2A | Top-10: 999.0A | Best: 3.2A (rank 1)
    #1 id=3 q=0.712 DCC=3.2 vol=98 ***
    #2 id=2 q=0.709 DCC=12.8 vol=79
    #3 id=5 q=0.707 DCC=21.1 vol=81
    #4 id=1 q=0.579 DCC=21.1 vol=346
    #5 id=4 q=0.549 DCC=27.7 vol=77

--- Target 11: 1FKG -> 1FKJ (FK5) [orthosteric] ---
  4 sites, 66s | Top-1: 8.5A | Top-3: 8.5A | Top-5: 999.0A | Top-10: 999.0A | Best: 8.5A (rank 1)
    #1 id=2 q=0.603 DCC=8.5 vol=76
    #2 id=3 q=0.600 DCC=25.6 vol=376
    #3 id=1 q=0.596 DCC=16.1 vol=94
    #4 id=0 q=0.443 DCC=8.9 vol=779

--- Target 12: 1HPV -> 1HVR (XK2) [orthosteric] ---
  6 sites, 58s | Top-1: 12.1A | Top-3: 12.1A | Top-5: 9.1A | Top-10: 999.0A | Best: 9.1A (rank 4)
    #1 id=1 q=0.652 DCC=12.1 vol=82
    #2 id=2 q=0.608 DCC=21.2 vol=111
    #3 id=0 q=0.512 DCC=17.4 vol=104
    #4 id=3 q=0.473 DCC=9.1 vol=541
    #5 id=4 q=0.395 DCC=15.7 vol=82

--- Target 13: 3ERT -> 1ERR (RAL) [orthosteric] ---
  10 sites, 116s | Top-1: 20.6A | Top-3: 10.9A | Top-5: 10.9A | Top-10: 10.9A | Best: 10.9A (rank 3)
    #1 id=5 q=0.682 DCC=20.6 vol=220
    #2 id=8 q=0.608 DCC=13.4 vol=128
    #3 id=9 q=0.594 DCC=10.9 vol=51
    #4 id=0 q=0.575 DCC=24.4 vol=1390
    #5 id=4 q=0.547 DCC=19.2 vol=1190

--- Target 14: 1K3F -> 1K3G (HEC) [orthosteric] ---
  8 sites, 115s | Top-1: 9.3A | Top-3: 7.9A | Top-5: 7.9A | Top-10: 999.0A | Best: 7.9A (rank 2)
    #1 id=7 q=0.739 DCC=9.3 vol=243
    #2 id=6 q=0.739 DCC=7.9 vol=58 *
    #3 id=3 q=0.711 DCC=20.7 vol=539
    #4 id=5 q=0.616 DCC=14.5 vol=204
    #5 id=2 q=0.557 DCC=25.6 vol=1342

--- Target 15: 1P38 -> 3HEC (STI) [cryptic] ---
  11 sites, 156s | Top-1: 24.7A | Top-3: 15.3A | Top-5: 15.3A | Top-10: 11.0A | Best: 11.0A (rank 6)
    #1 id=6 q=0.825 DCC=24.7 vol=171
    #2 id=2 q=0.693 DCC=20.6 vol=99
    #3 id=7 q=0.670 DCC=15.3 vol=102
    #4 id=8 q=0.628 DCC=18.4 vol=223
    #5 id=4 q=0.619 DCC=15.7 vol=989

--- Target 16: 1YVF -> 1YV3 (ADP) [allosteric] ---
  14 sites, 208s | Top-1: 18.9A | Top-3: 14.8A | Top-5: 14.8A | Top-10: 13.9A | Best: 13.9A (rank 6)
    #1 id=10 q=0.797 DCC=18.9 vol=64
    #2 id=11 q=0.697 DCC=26.5 vol=60
    #3 id=2 q=0.576 DCC=14.8 vol=1287
    #4 id=5 q=0.566 DCC=28.1 vol=500
    #5 id=3 q=0.547 DCC=35.8 vol=701

--- Target 17: 1PKL -> 1PKN (PYR) [orthosteric] ---
  7 sites, 206s | Top-1: 22.3A | Top-3: 19.4A | Top-5: 19.4A | Top-10: 999.0A | Best: 19.4A (rank 2)
    #1 id=4 q=0.799 DCC=22.3 vol=73
    #2 id=3 q=0.703 DCC=19.4 vol=2559
    #3 id=6 q=0.596 DCC=28.0 vol=61
    #4 id=2 q=0.472 DCC=35.2 vol=360
    #5 id=0 q=0.432 DCC=28.5 vol=5407

--- Target 18: 1DWD -> 1DWC (MIT) [orthosteric] ---
  9 sites, 118s | Top-1: 19.4A | Top-3: 12.3A | Top-5: 12.3A | Top-10: 999.0A | Best: 12.3A (rank 3)
    #1 id=8 q=0.824 DCC=19.4 vol=56
    #2 id=1 q=0.618 DCC=16.4 vol=192
    #3 id=2 q=0.592 DCC=12.3 vol=69
    #4 id=4 q=0.556 DCC=30.9 vol=1519
    #5 id=0 q=0.530 DCC=25.5 vol=1817

--- Target 19: 1TTH -> 1TTI (PGA) [orthosteric] ---
  12 sites, 148s | Top-1: 18.5A | Top-3: 18.5A | Top-5: 16.0A | Top-10: 3.3A | Best: 3.3A (rank 10)
    #1 id=2 q=0.719 DCC=18.5 vol=326
    #2 id=10 q=0.705 DCC=25.4 vol=107
    #3 id=4 q=0.641 DCC=20.6 vol=58
    #4 id=7 q=0.634 DCC=16.0 vol=317
    #5 id=0 q=0.622 DCC=24.5 vol=67

--- Target 20: 2CBA -> 3HS4 (AZM) [orthosteric] ---
  13 sites, 107s | Top-1: 4.9A | Top-3: 4.9A | Top-5: 4.9A | Top-10: 4.9A | Best: 4.9A (rank 1)
    #1 id=9 q=0.788 DCC=4.9 vol=185 **
    #2 id=5 q=0.758 DCC=16.1 vol=413
    #3 id=1 q=0.736 DCC=20.8 vol=65
    #4 id=10 q=0.664 DCC=8.5 vol=90
    #5 id=11 q=0.603 DCC=12.6 vol=162

--- Target 21: 1RDQ -> 1K1J (FD2) [orthosteric] ---
  12 sites, 163s | Top-1: 21.1A | Top-3: 21.1A | Top-5: 20.9A | Top-10: 11.9A | Best: 11.9A (rank 7)
    #1 id=10 q=0.679 DCC=21.1 vol=119
    #2 id=3 q=0.655 DCC=23.2 vol=68
    #3 id=11 q=0.615 DCC=24.9 vol=90
    #4 id=9 q=0.608 DCC=20.9 vol=441
    #5 id=2 q=0.589 DCC=30.8 vol=64

--- Target 22: 3L3N -> 3L3M (A92) [orthosteric] ---
  20 sites, 234s | Top-1: 27.8A | Top-3: 23.4A | Top-5: 16.8A | Top-10: 16.8A | Best: 12.9A (rank 11)
    #1 id=17 q=0.768 DCC=27.8 vol=186
    #2 id=14 q=0.767 DCC=29.0 vol=118
    #3 id=19 q=0.699 DCC=23.4 vol=242
    #4 id=12 q=0.691 DCC=20.7 vol=104
    #5 id=2 q=0.673 DCC=16.8 vol=68

--- Target 23: 1NNA -> 1NNC (ZMR) [orthosteric] ---
  13 sites, 158s | Top-1: 28.1A | Top-3: 13.1A | Top-5: 13.1A | Top-10: 7.4A | Best: 7.4A (rank 8)
    #1 id=0 q=0.774 DCC=28.1 vol=66
    #2 id=11 q=0.647 DCC=13.1 vol=187
    #3 id=4 q=0.637 DCC=31.2 vol=196
    #4 id=3 q=0.626 DCC=32.7 vol=353
    #5 id=6 q=0.621 DCC=19.2 vol=300

--- Target 24: 1TPA -> 1TPP (APA) [orthosteric] ---
  7 sites, 103s | Top-1: 20.0A | Top-3: 10.9A | Top-5: 10.9A | Top-10: 999.0A | Best: 4.1A (rank 6)
    #1 id=5 q=0.687 DCC=20.0 vol=320
    #2 id=2 q=0.653 DCC=19.7 vol=66
    #3 id=6 q=0.652 DCC=10.9 vol=64
    #4 id=4 q=0.645 DCC=17.2 vol=222
    #5 id=1 q=0.575 DCC=22.6 vol=136

--- Target 25: 1ABF -> 1ABE (ARA) [orthosteric] ---
  16 sites, 114s | Top-1: 19.7A | Top-3: 14.3A | Top-5: 13.8A | Top-10: 13.8A | Best: 11.1A (rank 16)
    #1 id=13 q=0.711 DCC=19.7 vol=53
    #2 id=1 q=0.704 DCC=21.3 vol=115
    #3 id=9 q=0.702 DCC=14.3 vol=50
    #4 id=12 q=0.671 DCC=13.8 vol=259
    #5 id=10 q=0.654 DCC=14.5 vol=50

--- Target 26: 4HT0 -> 4HT2 (V50) [orthosteric] ---
  11 sites, 105s | Top-1: 19.7A | Top-3: 17.5A | Top-5: 11.2A | Top-10: 11.2A | Best: 11.2A (rank 4)
    #1 id=4 q=0.699 DCC=19.7 vol=238
    #2 id=5 q=0.674 DCC=17.5 vol=432
    #3 id=1 q=0.661 DCC=18.8 vol=65
    #4 id=6 q=0.648 DCC=11.2 vol=51
    #5 id=10 q=0.573 DCC=15.4 vol=87

--- Target 27: 1C5Y -> 1C5X (FLC) [orthosteric] ---
  14 sites, 108s | Top-1: 19.4A | Top-3: 19.4A | Top-5: 19.4A | Top-10: 11.6A | Best: 2.6A (rank 11)
    #1 id=7 q=0.706 DCC=19.4 vol=60
    #2 id=2 q=0.670 DCC=29.9 vol=63
    #3 id=4 q=0.644 DCC=23.1 vol=109
    #4 id=6 q=0.635 DCC=27.3 vol=148
    #5 id=8 q=0.623 DCC=28.4 vol=112

--- Target 28: 1GKC -> 1GKD (STN) [orthosteric] ---
  12 sites, 84s | Top-1: 14.4A | Top-3: 14.3A | Top-5: 14.3A | Top-10: 3.0A | Best: 3.0A (rank 10)
    #1 id=6 q=0.686 DCC=14.4 vol=197
    #2 id=2 q=0.653 DCC=14.3 vol=129
    #3 id=1 q=0.644 DCC=17.5 vol=53
    #4 id=3 q=0.630 DCC=20.7 vol=52
    #5 id=5 q=0.627 DCC=15.1 vol=220

--- Target 29: 3TMN -> 5TMN (0PJ) [orthosteric] ---
  8 sites, 136s | Top-1: 24.5A | Top-3: 23.4A | Top-5: 7.3A | Top-10: 999.0A | Best: 7.3A (rank 4)
    #1 id=6 q=0.689 DCC=24.5 vol=237
    #2 id=0 q=0.684 DCC=23.8 vol=138
    #3 id=7 q=0.681 DCC=23.4 vol=66
    #4 id=5 q=0.650 DCC=7.3 vol=921 *
    #5 id=3 q=0.566 DCC=16.0 vol=1069

--- Target 30: 4DFR -> 3DFR (MTX) [orthosteric] ---
  9 sites, 81s | Top-1: 8.6A | Top-3: 8.6A | Top-5: 8.6A | Top-10: 999.0A | Best: 8.6A (rank 1)
    #1 id=3 q=0.667 DCC=8.6 vol=662
    #2 id=4 q=0.603 DCC=15.2 vol=218
    #3 id=8 q=0.584 DCC=10.8 vol=156
    #4 id=7 q=0.535 DCC=25.4 vol=363
    #5 id=5 q=0.527 DCC=23.4 vol=309

================================================================================
PRISM4D-BENCH30 AGGREGATE RESULTS
================================================================================

Metric                DCC<=4A  DCC<=5A  DCC<=8A  DCC<=10A
------------------------------------------------------------
SR@1                  1/30 ( 3%)  2/30 ( 7%)  2/30 ( 7%)  6/30 (20%)
SR@3                  1/30 ( 3%)  2/30 ( 7%)  3/30 (10%)  6/30 (20%)
SR@N+2                1/30 ( 3%)  2/30 ( 7%)  3/30 (10%)  6/30 (20%)
SR@5                  1/30 ( 3%)  3/30 (10%)  5/30 (17%)  9/30 (30%)
SR@10                 4/30 (13%)  7/30 (23%)  11/30 (37%)  15/30 (50%)

Mean Top-1 DCC        18.0A
Median Top-1 DCC      19.2A
Mean Best DCC         8.9A
Mean time/target      130s

--- SR@N Curve (DCC <= 5A) ---
N   SR@N   Cumulative targets
 1   2/30 ( 7%)  ##
 2   2/30 ( 7%)  ##
 3   2/30 ( 7%)  ##
 4   2/30 ( 7%)  ##
 5   3/30 (10%)  ###
 6   4/30 (13%)  ####
 7   4/30 (13%)  ####
 8   5/30 (17%)  #####
 9   5/30 (17%)  #####
10   7/30 (23%)  #######

--- By Pocket Type ---
  orthosteric   N=22  SR@1<=5A: 2/22 ( 9%)  SR@3<=5A: 2/22 ( 9%)  SR@1<=8A: 2/22 ( 9%)
  cryptic       N= 4  SR@1<=5A: 0/4 ( 0%)  SR@3<=5A: 0/4 ( 0%)  SR@1<=8A: 0/4 ( 0%)
  allosteric    N= 3  SR@1<=5A: 0/3 ( 0%)  SR@3<=5A: 0/3 ( 0%)  SR@1<=8A: 0/3 ( 0%)
  PPI           N= 1  SR@1<=5A: 0/1 ( 0%)  SR@3<=5A: 0/1 ( 0%)  SR@1<=8A: 0/1 ( 0%)

--- Per-Target Detail ---
   #   APO  HOLO   LIG TYPE           Top1   Top3  Top10    Best  Rank
---------------------------------------------------------------------------
   1  1JWP  1PZO   CBT cryptic       24.2A  19.2A  11.7A    5.7A   11 
   2  2NPQ  2ZB1   GK4 cryptic       28.5A  19.5A 999.0A   17.5A    4 
   3  1KV1  1KV2   B96 allosteric    12.7A  12.7A 999.0A   12.7A    1 
   4  1MY0  1N0T   AT1 cryptic       18.9A  10.1A 999.0A   10.1A    3 
   5  4EY4  4EY7   E20 orthosteric   15.8A  15.8A  15.8A   11.3A   11 
   6  2HNP  1T49   892 allosteric    34.5A  23.8A   3.1A    3.1A    8 
   7  1M47  1PY2   FRH PPI           15.2A  15.2A 999.0A    4.5A    5 
   8  1HCL  1JSV   U55 orthosteric   15.2A  15.2A   8.9A    8.9A   10 
   9  1YES  1YET   GDM orthosteric    8.5A   8.5A   7.5A    7.5A    6 
  10  2OSS  3MXF   JQ1 orthosteric    3.2A   3.2A 999.0A    3.2A    1 ***
  11  1FKG  1FKJ   FK5 orthosteric    8.5A   8.5A 999.0A    8.5A    1 
  12  1HPV  1HVR   XK2 orthosteric   12.1A  12.1A 999.0A    9.1A    4 
  13  3ERT  1ERR   RAL orthosteric   20.6A  10.9A  10.9A   10.9A    3 
  14  1K3F  1K3G   HEC orthosteric    9.3A   7.9A 999.0A    7.9A    2 
  15  1P38  3HEC   STI cryptic       24.7A  15.3A  11.0A   11.0A    6 
  16  1YVF  1YV3   ADP allosteric    18.9A  14.8A  13.9A   13.9A    6 
  17  1PKL  1PKN   PYR orthosteric   22.3A  19.4A 999.0A   19.4A    2 
  18  1DWD  1DWC   MIT orthosteric   19.4A  12.3A 999.0A   12.3A    3 
  19  1TTH  1TTI   PGA orthosteric   18.5A  18.5A   3.3A    3.3A   10 
  20  2CBA  3HS4   AZM orthosteric    4.9A   4.9A   4.9A    4.9A    1 **
  21  1RDQ  1K1J   FD2 orthosteric   21.1A  21.1A  11.9A   11.9A    7 
  22  3L3N  3L3M   A92 orthosteric   27.8A  23.4A  16.8A   12.9A   11 
  23  1NNA  1NNC   ZMR orthosteric   28.1A  13.1A   7.4A    7.4A    8 
  24  1TPA  1TPP   APA orthosteric   20.0A  10.9A 999.0A    4.1A    6 
  25  1ABF  1ABE   ARA orthosteric   19.7A  14.3A  13.8A   11.1A   16 
  26  4HT0  4HT2   V50 orthosteric   19.7A  17.5A  11.2A   11.2A    4 
  27  1C5Y  1C5X   FLC orthosteric   19.4A  19.4A  11.6A    2.6A   11 
  28  1GKC  1GKD   STN orthosteric   14.4A  14.3A   3.0A    3.0A   10 
  29  3TMN  5TMN   0PJ orthosteric   24.5A  23.4A 999.0A    7.3A    4 
  30  4DFR  3DFR   MTX orthosteric    8.6A   8.6A 999.0A    8.6A    1 

================================================================================
BENCHMARK COMPLETE - 30 targets evaluated
Results saved to benchmarks/prism4d_bench30/benchmark_results.json
================================================================================
