PRISM4D-BENCH30: 30 targets
================================================================================

--- Target 1: 1JWP -> 1PZO (CBT) [cryptic] ---
  30 sites, 125s | Top-1: 16.8A | Top-3: 13.2A | Top-5: 11.8A | Top-10: 5.7A | Best: 5.7A (rank 8)
    #1 id=6 q=0.777 DCC=16.8 vol=141
    #2 id=8 q=0.758 DCC=20.9 vol=154
    #3 id=3517 q=0.756 DCC=13.2 vol=626
    #4 id=7 q=0.721 DCC=11.8 vol=626
    #5 id=2 q=0.717 DCC=17.7 vol=298

--- Target 2: 2NPQ -> 2ZB1 (GK4) [cryptic] ---
  41 sites, 160s | Top-1: 22.0A | Top-3: 19.1A | Top-5: 18.8A | Top-10: 13.7A | Best: 9.6A (rank 20)
    #1 id=3519 q=0.856 DCC=22.0 vol=4721
    #2 id=3520 q=0.792 DCC=22.0 vol=4721
    #3 id=3 q=0.767 DCC=19.1 vol=4721
    #4 id=2 q=0.749 DCC=28.5 vol=341
    #5 id=506 q=0.737 DCC=18.8 vol=4721

--- Target 3: 1KV1 -> 1KV2 (B96) [allosteric] ---
  52 sites, 163s | Top-1: 19.7A | Top-3: 14.9A | Top-5: 12.7A | Top-10: 12.7A | Best: 11.9A (rank 23)
    #1 id=3527 q=0.858 DCC=19.7 vol=3249
    #2 id=3528 q=0.795 DCC=19.7 vol=3249
    #3 id=508 q=0.735 DCC=14.9 vol=3249
    #4 id=6 q=0.735 DCC=16.4 vol=3249
    #5 id=7 q=0.721 DCC=12.7 vol=72

--- Target 4: 1MY0 -> 1N0T (AT1) [cryptic] ---
  26 sites, 122s | Top-1: 14.2A | Top-3: 10.2A | Top-5: 10.2A | Top-10: 10.2A | Best: 10.2A (rank 3)
    #1 id=7 q=0.799 DCC=14.2 vol=81
    #2 id=8 q=0.796 DCC=13.5 vol=183
    #3 id=5 q=0.736 DCC=10.2 vol=717
    #4 id=3515 q=0.699 DCC=13.4 vol=717
    #5 id=2 q=0.678 DCC=12.8 vol=1316

--- Target 5: 4EY4 -> 4EY7 (E20) [orthosteric] ---
  44 sites, 235s | Top-1: 31.1A | Top-3: 31.1A | Top-5: 22.3A | Top-10: 11.3A | Best: 6.1A (rank 23)
    #1 id=512 q=0.823 DCC=31.1 vol=179
    #2 id=3528 q=0.772 DCC=34.6 vol=1516
    #3 id=513 q=0.759 DCC=31.4 vol=389
    #4 id=3 q=0.751 DCC=22.3 vol=790
    #5 id=8 q=0.726 DCC=35.3 vol=179

--- Target 6: 2HNP -> 1T49 (892) [allosteric] ---
  30 sites, 129s | Top-1: 34.5A | Top-3: 29.3A | Top-5: 14.9A | Top-10: 3.3A | Best: 3.3A (rank 6)
    #1 id=1 q=0.871 DCC=34.5 vol=122
    #2 id=4 q=0.784 DCC=29.3 vol=201
    #3 id=3016 q=0.725 DCC=36.2 vol=201
    #4 id=0 q=0.724 DCC=37.6 vol=320
    #5 id=9 q=0.699 DCC=14.9 vol=83

--- Target 7: 1M47 -> 1PY2 (FRH) [PPI] ---
  12 sites, 89s | Top-1: 28.5A | Top-3: 24.5A | Top-5: 21.0A | Top-10: 4.5A | Best: 4.5A (rank 7)
    #1 id=2509 q=0.783 DCC=28.5 vol=263
    #2 id=507 q=0.765 DCC=24.5 vol=154
    #3 id=2 q=0.760 DCC=28.5 vol=154
    #4 id=4 q=0.703 DCC=21.5 vol=54
    #5 id=0 q=0.701 DCC=21.0 vol=61

--- Target 8: 1HCL -> 1JSV (U55) [orthosteric] ---
  28 sites, 156s | Top-1: 15.2A | Top-3: 15.2A | Top-5: 8.9A | Top-10: 8.9A | Best: 4.2A (rank 24)
    #1 id=4 q=0.808 DCC=15.2 vol=130
    #2 id=2 q=0.768 DCC=31.0 vol=128
    #3 id=11 q=0.718 DCC=20.4 vol=54
    #4 id=8 q=0.696 DCC=8.9 vol=487
    #5 id=3 q=0.693 DCC=19.8 vol=1510

--- Target 9: 1YES -> 1YET (GDM) [orthosteric] ---
  44 sites, 131s | Top-1: 13.4A | Top-3: 7.6A | Top-5: 7.6A | Top-10: 7.6A | Best: 2.6A (rank 21)
    #1 id=510 q=0.770 DCC=13.4 vol=195
    #2 id=4 q=0.764 DCC=7.6 vol=980 *
    #3 id=9 q=0.760 DCC=8.5 vol=86
    #4 id=512 q=0.717 DCC=10.8 vol=980
    #5 id=3527 q=0.712 DCC=10.3 vol=980

--- Target 10: 2OSS -> 3MXF (JQ1) [orthosteric] ---
  9 sites, 75s | Top-1: 15.5A | Top-3: 3.2A | Top-5: 3.2A | Top-10: 999.0A | Best: 3.2A (rank 3)
    #1 id=5 q=0.774 DCC=15.5 vol=81
    #2 id=2 q=0.758 DCC=12.5 vol=79
    #3 id=3 q=0.755 DCC=3.2 vol=98 ***
    #4 id=2505 q=0.720 DCC=16.2 vol=346
    #5 id=505 q=0.693 DCC=23.4 vol=346

--- Target 11: 1FKG -> 1FKJ (FK5) [orthosteric] ---
  13 sites, 67s | Top-1: 10.4A | Top-3: 8.5A | Top-5: 8.5A | Top-10: 4.0A | Best: 4.0A (rank 9)
    #1 id=504 q=0.802 DCC=10.4 vol=76
    #2 id=503 q=0.767 DCC=12.8 vol=76
    #3 id=2 q=0.729 DCC=8.5 vol=76
    #4 id=3 q=0.724 DCC=25.4 vol=376
    #5 id=1 q=0.703 DCC=16.1 vol=94

--- Target 12: 1HPV -> 1HVR (XK2) [orthosteric] ---
  11 sites, 59s | Top-1: 12.5A | Top-3: 12.1A | Top-5: 9.7A | Top-10: 4.5A | Best: 4.5A (rank 10)
    #1 id=505 q=0.676 DCC=12.5 vol=82
    #2 id=0 q=0.649 DCC=17.4 vol=104
    #3 id=1 q=0.646 DCC=12.1 vol=82
    #4 id=2 q=0.618 DCC=21.2 vol=111
    #5 id=3 q=0.528 DCC=9.7 vol=541

--- Target 13: 3ERT -> 1ERR (RAL) [orthosteric] ---
  30 sites, 122s | Top-1: 20.6A | Top-3: 5.6A | Top-5: 5.6A | Top-10: 5.6A | Best: 5.6A (rank 3)
    #1 id=5 q=0.783 DCC=20.6 vol=220
    #2 id=3516 q=0.725 DCC=26.8 vol=220
    #3 id=509 q=0.710 DCC=5.6 vol=206 *
    #4 id=3518 q=0.675 DCC=17.0 vol=206
    #5 id=1 q=0.666 DCC=30.2 vol=170

--- Target 14: 1K3F -> 1K3G (HEC) [orthosteric] ---
  25 sites, 119s | Top-1: 14.2A | Top-3: 14.2A | Top-5: 9.3A | Top-10: 7.9A | Best: 7.9A (rank 9)
    #1 id=3518 q=0.868 DCC=14.2 vol=243
    #2 id=507 q=0.789 DCC=20.7 vol=204
    #3 id=3 q=0.772 DCC=20.7 vol=539
    #4 id=7 q=0.770 DCC=9.3 vol=243
    #5 id=3512 q=0.756 DCC=20.4 vol=278

--- Target 15: 1P38 -> 3HEC (STI) [cryptic] ---
  49 sites, 166s | Top-1: 24.7A | Top-3: 18.2A | Top-5: 13.7A | Top-10: 10.9A | Best: 8.3A (rank 19)
    #1 id=6 q=0.812 DCC=24.7 vol=171
    #2 id=3525 q=0.797 DCC=25.3 vol=223
    #3 id=3526 q=0.796 DCC=18.2 vol=989
    #4 id=3529 q=0.758 DCC=13.7 vol=927
    #5 id=510 q=0.754 DCC=26.9 vol=745

--- Target 16: 1YVF -> 1YV3 (ADP) [allosteric] ---
  59 sites, 222s | Top-1: 19.0A | Top-3: 14.0A | Top-5: 14.0A | Top-10: 7.7A | Best: 7.2A (rank 29)
    #1 id=9 q=0.859 DCC=19.0 vol=64
    #2 id=10 q=0.800 DCC=21.6 vol=60
    #3 id=1 q=0.782 DCC=14.0 vol=1546
    #4 id=5 q=0.767 DCC=28.1 vol=500
    #5 id=3537 q=0.704 DCC=28.1 vol=2882

--- Target 17: 1PKL -> 1PKN (PYR) [orthosteric] ---
  21 sites, 211s | Top-1: 19.3A | Top-3: 19.3A | Top-5: 19.3A | Top-10: 19.3A | Best: 12.2A (rank 12)
    #1 id=4 q=0.956 DCC=19.3 vol=73
    #2 id=3 q=0.737 DCC=19.5 vol=2559
    #3 id=3011 q=0.689 DCC=20.6 vol=2559
    #4 id=2 q=0.594 DCC=35.2 vol=360
    #5 id=6 q=0.581 DCC=26.2 vol=61

--- Target 18: 1DWD -> 1DWC (MIT) [orthosteric] ---
  26 sites, 124s | Top-1: 14.4A | Top-3: 12.1A | Top-5: 12.1A | Top-10: 12.1A | Best: 6.4A (rank 16)
    #1 id=1 q=0.764 DCC=14.4 vol=192
    #2 id=8 q=0.761 DCC=19.4 vol=56
    #3 id=508 q=0.756 DCC=12.1 vol=69
    #4 id=3514 q=0.686 DCC=31.4 vol=1817
    #5 id=3 q=0.666 DCC=13.7 vol=401

--- Target 19: 1TTH -> 1TTI (PGA) [orthosteric] ---
  20 sites, 150s | Top-1: 18.2A | Top-3: 18.2A | Top-5: 15.7A | Top-10: 3.2A | Best: 3.2A (rank 6)
    #1 id=2 q=0.897 DCC=18.2 vol=326
    #2 id=10 q=0.794 DCC=18.9 vol=107
    #3 id=512 q=0.765 DCC=18.2 vol=326
    #4 id=511 q=0.760 DCC=34.0 vol=487
    #5 id=7 q=0.734 DCC=15.7 vol=317

--- Target 20: 2CBA -> 3HS4 (AZM) [orthosteric] ---
  32 sites, 110s | Top-1: 16.1A | Top-3: 4.9A | Top-5: 4.9A | Top-10: 4.9A | Best: 4.9A (rank 3)
    #1 id=5 q=0.839 DCC=16.1 vol=413
    #2 id=513 q=0.791 DCC=16.2 vol=854
    #3 id=9 q=0.790 DCC=4.9 vol=185 **
    #4 id=3520 q=0.787 DCC=15.8 vol=209
    #5 id=0 q=0.766 DCC=18.6 vol=854

--- Target 21: 1RDQ -> 1K1J (FD2) [orthosteric] ---
  51 sites, 176s | Top-1: 29.4A | Top-3: 20.4A | Top-5: 20.4A | Top-10: 20.4A | Best: 11.9A (rank 15)
    #1 id=3527 q=0.833 DCC=29.4 vol=1016
    #2 id=3 q=0.752 DCC=20.4 vol=68
    #3 id=9 q=0.749 DCC=20.9 vol=441
    #4 id=512 q=0.738 DCC=20.8 vol=119
    #5 id=4 q=0.724 DCC=22.2 vol=1311

--- Target 22: 3L3N -> 3L3M (A92) [orthosteric] ---
  59 sites, 249s | Top-1: 22.7A | Top-3: 19.0A | Top-5: 12.9A | Top-10: 12.9A | Best: 8.9A (rank 36)
    #1 id=17 q=0.918 DCC=22.7 vol=186
    #2 id=3543 q=0.865 DCC=40.1 vol=2391
    #3 id=521 q=0.815 DCC=19.0 vol=2391
    #4 id=3542 q=0.774 DCC=40.1 vol=2391
    #5 id=3 q=0.742 DCC=12.9 vol=2391

--- Target 23: 1NNA -> 1NNC (ZMR) [orthosteric] ---
  24 sites, 162s | Top-1: 32.7A | Top-3: 23.1A | Top-5: 15.2A | Top-10: 10.8A | Best: 5.1A (rank 22)
    #1 id=512 q=0.800 DCC=32.7 vol=353
    #2 id=3516 q=0.797 DCC=32.9 vol=1321
    #3 id=0 q=0.785 DCC=23.1 vol=66
    #4 id=6 q=0.755 DCC=15.2 vol=300
    #5 id=3517 q=0.742 DCC=34.8 vol=245

--- Target 24: 1TPA -> 1TPP (APA) [orthosteric] ---
  17 sites, 105s | Top-1: 20.0A | Top-3: 10.8A | Top-5: 10.8A | Top-10: 4.1A | Best: 4.1A (rank 7)
    #1 id=5 q=0.839 DCC=20.0 vol=320
    #2 id=506 q=0.764 DCC=10.8 vol=222
    #3 id=6 q=0.760 DCC=10.9 vol=64
    #4 id=2 q=0.737 DCC=19.7 vol=66
    #5 id=3508 q=0.707 DCC=17.1 vol=222

--- Target 25: 1ABF -> 1ABE (ARA) [orthosteric] ---
  23 sites, 116s | Top-1: 23.6A | Top-3: 19.6A | Top-5: 19.6A | Top-10: 11.2A | Best: 11.0A (rank 17)
    #1 id=516 q=0.893 DCC=23.6 vol=115
    #2 id=1 q=0.811 DCC=21.3 vol=115
    #3 id=13 q=0.770 DCC=19.6 vol=53
    #4 id=515 q=0.759 DCC=19.6 vol=68
    #5 id=4 q=0.720 DCC=22.9 vol=337

--- Target 26: 4HT0 -> 4HT2 (V50) [orthosteric] ---
  24 sites, 108s | Top-1: 16.1A | Top-3: 16.1A | Top-5: 6.5A | Top-10: 6.5A | Best: 5.6A (rank 22)
    #1 id=4 q=0.772 DCC=16.1 vol=238
    #2 id=2 q=0.769 DCC=19.7 vol=215
    #3 id=3016 q=0.756 DCC=23.5 vol=238
    #4 id=5 q=0.743 DCC=17.5 vol=432
    #5 id=6 q=0.740 DCC=6.5 vol=51 *

--- Target 27: 1C5Y -> 1C5X (FLC) [orthosteric] ---
  24 sites, 111s | Top-1: 30.2A | Top-3: 23.1A | Top-5: 19.8A | Top-10: 2.1A | Best: 2.1A (rank 10)
    #1 id=2 q=0.793 DCC=30.2 vol=63
    #2 id=6 q=0.770 DCC=29.4 vol=148
    #3 id=4 q=0.758 DCC=23.1 vol=109
    #4 id=8 q=0.751 DCC=28.4 vol=112
    #5 id=513 q=0.733 DCC=19.8 vol=60

--- Target 28: 1GKC -> 1GKD (STN) [orthosteric] ---
  18 sites, 85s | Top-1: 17.5A | Top-3: 8.9A | Top-5: 8.9A | Top-10: 3.0A | Best: 3.0A (rank 10)
    #1 id=1 q=0.733 DCC=17.5 vol=53
    #2 id=6 q=0.725 DCC=8.9 vol=197
    #3 id=511 q=0.700 DCC=11.1 vol=197
    #4 id=5 q=0.691 DCC=15.1 vol=220
    #5 id=7 q=0.684 DCC=15.8 vol=132

--- Target 29: 3TMN -> 5TMN (0PJ) [orthosteric] ---
  31 sites, 143s | Top-1: 27.3A | Top-3: 11.3A | Top-5: 7.3A | Top-10: 7.3A | Best: 6.2A (rank 19)
    #1 id=3515 q=0.805 DCC=27.3 vol=237
    #2 id=3516 q=0.793 DCC=11.3 vol=921
    #3 id=3517 q=0.788 DCC=26.5 vol=1069
    #4 id=5 q=0.762 DCC=7.3 vol=921 *
    #5 id=6 q=0.735 DCC=20.9 vol=237

--- Target 30: 4DFR -> 3DFR (MTX) [orthosteric] ---
  17 sites, 83s | Top-1: 25.4A | Top-3: 7.5A | Top-5: 7.5A | Top-10: 7.5A | Best: 4.3A (rank 13)
    #1 id=7 q=0.752 DCC=25.4 vol=363
    #2 id=3 q=0.719 DCC=12.0 vol=662
    #3 id=3010 q=0.683 DCC=7.5 vol=662 *
    #4 id=4 q=0.664 DCC=15.2 vol=218
    #5 id=1 q=0.658 DCC=13.8 vol=94

================================================================================
PRISM4D-BENCH30 AGGREGATE RESULTS
================================================================================

Metric                DCC<=4A  DCC<=5A  DCC<=8A  DCC<=10A
------------------------------------------------------------
SR@1                  0/30 ( 0%)  0/30 ( 0%)  0/30 ( 0%)  0/30 ( 0%)
SR@3                  1/30 ( 3%)  2/30 ( 7%)  5/30 (17%)  7/30 (23%)
SR@N+2                1/30 ( 3%)  2/30 ( 7%)  5/30 (17%)  7/30 (23%)
SR@5                  1/30 ( 3%)  2/30 ( 7%)  7/30 (23%)  12/30 (40%)
SR@10                 6/30 (20%)  10/30 (33%)  18/30 (60%)  19/30 (63%)

Mean Top-1 DCC        20.8A
Median Top-1 DCC      19.5A
Mean Best DCC         6.3A
Mean time/target      136s

--- SR@N Curve (DCC <= 5A) ---
N   SR@N   Cumulative targets
 1   0/30 ( 0%)  
 2   0/30 ( 0%)  
 3   2/30 ( 7%)  ##
 4   2/30 ( 7%)  ##
 5   2/30 ( 7%)  ##
 6   5/30 (17%)  #####
 7   7/30 (23%)  #######
 8   7/30 (23%)  #######
 9   8/30 (27%)  ########
10  10/30 (33%)  ##########

--- By Pocket Type ---
  orthosteric   N=22  SR@1<=5A: 0/22 ( 0%)  SR@3<=5A: 2/22 ( 9%)  SR@1<=8A: 0/22 ( 0%)
  cryptic       N= 4  SR@1<=5A: 0/4 ( 0%)  SR@3<=5A: 0/4 ( 0%)  SR@1<=8A: 0/4 ( 0%)
  allosteric    N= 3  SR@1<=5A: 0/3 ( 0%)  SR@3<=5A: 0/3 ( 0%)  SR@1<=8A: 0/3 ( 0%)
  PPI           N= 1  SR@1<=5A: 0/1 ( 0%)  SR@3<=5A: 0/1 ( 0%)  SR@1<=8A: 0/1 ( 0%)

--- Per-Target Detail ---
   #   APO  HOLO   LIG TYPE           Top1   Top3  Top10    Best  Rank
---------------------------------------------------------------------------
   1  1JWP  1PZO   CBT cryptic       16.8A  13.2A   5.7A    5.7A    8 
   2  2NPQ  2ZB1   GK4 cryptic       22.0A  19.1A  13.7A    9.6A   20 
   3  1KV1  1KV2   B96 allosteric    19.7A  14.9A  12.7A   11.9A   23 
   4  1MY0  1N0T   AT1 cryptic       14.2A  10.2A  10.2A   10.2A    3 
   5  4EY4  4EY7   E20 orthosteric   31.1A  31.1A  11.3A    6.1A   23 
   6  2HNP  1T49   892 allosteric    34.5A  29.3A   3.3A    3.3A    6 
   7  1M47  1PY2   FRH PPI           28.5A  24.5A   4.5A    4.5A    7 
   8  1HCL  1JSV   U55 orthosteric   15.2A  15.2A   8.9A    4.2A   24 
   9  1YES  1YET   GDM orthosteric   13.4A   7.6A   7.6A    2.6A   21 
  10  2OSS  3MXF   JQ1 orthosteric   15.5A   3.2A 999.0A    3.2A    3 
  11  1FKG  1FKJ   FK5 orthosteric   10.4A   8.5A   4.0A    4.0A    9 
  12  1HPV  1HVR   XK2 orthosteric   12.5A  12.1A   4.5A    4.5A   10 
  13  3ERT  1ERR   RAL orthosteric   20.6A   5.6A   5.6A    5.6A    3 
  14  1K3F  1K3G   HEC orthosteric   14.2A  14.2A   7.9A    7.9A    9 
  15  1P38  3HEC   STI cryptic       24.7A  18.2A  10.9A    8.3A   19 
  16  1YVF  1YV3   ADP allosteric    19.0A  14.0A   7.7A    7.2A   29 
  17  1PKL  1PKN   PYR orthosteric   19.3A  19.3A  19.3A   12.2A   12 
  18  1DWD  1DWC   MIT orthosteric   14.4A  12.1A  12.1A    6.4A   16 
  19  1TTH  1TTI   PGA orthosteric   18.2A  18.2A   3.2A    3.2A    6 
  20  2CBA  3HS4   AZM orthosteric   16.1A   4.9A   4.9A    4.9A    3 
  21  1RDQ  1K1J   FD2 orthosteric   29.4A  20.4A  20.4A   11.9A   15 
  22  3L3N  3L3M   A92 orthosteric   22.7A  19.0A  12.9A    8.9A   36 
  23  1NNA  1NNC   ZMR orthosteric   32.7A  23.1A  10.8A    5.1A   22 
  24  1TPA  1TPP   APA orthosteric   20.0A  10.8A   4.1A    4.1A    7 
  25  1ABF  1ABE   ARA orthosteric   23.6A  19.6A  11.2A   11.0A   17 
  26  4HT0  4HT2   V50 orthosteric   16.1A  16.1A   6.5A    5.6A   22 
  27  1C5Y  1C5X   FLC orthosteric   30.2A  23.1A   2.1A    2.1A   10 
  28  1GKC  1GKD   STN orthosteric   17.5A   8.9A   3.0A    3.0A   10 
  29  3TMN  5TMN   0PJ orthosteric   27.3A  11.3A   7.3A    6.2A   19 
  30  4DFR  3DFR   MTX orthosteric   25.4A   7.5A   7.5A    4.3A   13 

================================================================================
BENCHMARK COMPLETE - 30 targets evaluated
Results saved to benchmarks/prism4d_bench30/benchmark_results.json
================================================================================
