continuity_maps nma_rows=3263 hydration_rows=963605 thermo_rows=11852 hydration_blocked=False
	Command being timed: "python3 scripts/build_continuity_maps.py --nma-glob campaigns/glp1r_aleniglipron/topologies/glp1r_*_nma_modes.json --hydration-glob campaigns/glp1r_aleniglipron/integrated_spike_events/hydration_v2_full_20260529T090620Z/hydration_statistics.parquet --hysteresis campaigns/glp1r_aleniglipron/integrated_spike_events/n80_full_scale/hysteresis_tensor.parquet --chronology campaigns/glp1r_aleniglipron/integrated_spike_events/n80_full_scale/transition_chronology_tensor.parquet --signal-grid campaigns/glp1r_aleniglipron/integrated_spike_events/n80_full_scale/signal_grid_variance_channel.parquet --output-dir campaigns/glp1r_aleniglipron/integrated_spike_events/hydration_v2_full_20260529T090620Z/continuity_maps_full"
	User time (seconds): 9.86
	System time (seconds): 2.09
	Percent of CPU this job got: 108%
	Elapsed (wall clock) time (h:mm:ss or m:ss): 0:10.99
	Average shared text size (kbytes): 0
	Average unshared data size (kbytes): 0
	Average stack size (kbytes): 0
	Average total size (kbytes): 0
	Maximum resident set size (kbytes): 7550856
	Average resident set size (kbytes): 0
	Major (requiring I/O) page faults: 14
	Minor (reclaiming a frame) page faults: 1920082
	Voluntary context switches: 1891
	Involuntary context switches: 184
	Swaps: 0
	File system inputs: 1680
	File system outputs: 61376
	Socket messages sent: 0
	Socket messages received: 0
	Signals delivered: 0
	Page size (bytes): 4096
	Exit status: 0
