### wrangler deploy

 ⛅️ wrangler 4.86.0 (update available 4.94.0)
─────────────────────────────────────────────
Total Upload: 641.24 KiB / gzip: 129.62 KiB
Worker Startup Time: 7 ms
Your Worker has access to the following bindings:
Binding                                                             Resource                  
env.SCAFFOLD_DO (ScaffoldState)                                     Durable Object            
env.CONFIG_CACHE (342b9ddad269400085325884befca1f5)                 KV Namespace              
env.DAG_QUEUE (prism-dag-queue)                                     Queue                     
env.DB (prism_metadata)                                             D1 Database               
env.VECTOR_INDEX (dkl_latent_space)                                 Vectorize Index           
env.TENSOR_BUCKET (prism-tensors)                                   R2 Bucket                 
env.CLOUDFLARE_ACCOUNT_ID ("0b9ebf4f9a2a36c66302cbb9f32ab1f9")      Environment Variable      
env.R2_BUCKET_NAME ("prism-tensors")                                Environment Variable      

Uploaded prism-manifold-worker (2.20 sec)
Deployed prism-manifold-worker triggers (0.90 sec)
  https://prism-manifold-worker.is-0b9.workers.dev
  Producer for prism-dag-queue
Current Version ID: 11891dca-b875-4970-8b7d-8d5115333bf8
### secret put CF_ACCESS_CLIENT_ID

 ⛅️ wrangler 4.86.0 (update available 4.94.0)
─────────────────────────────────────────────
🌀 Creating the secret for the Worker "prism-manifold-worker" 
✨ Success! Uploaded secret CF_ACCESS_CLIENT_ID
### secret put CF_ACCESS_CLIENT_SECRET

 ⛅️ wrangler 4.86.0 (update available 4.94.0)
─────────────────────────────────────────────
🌀 Creating the secret for the Worker "prism-manifold-worker" 
✨ Success! Uploaded secret CF_ACCESS_CLIENT_SECRET
